Component: Arm Compiler for Embedded 6.21 Tool: armlink [5ec1fa00]

==============================================================================

Section Cross References

    startup_stm32h743xx.o(STACK) refers (Special) to heapauxi.o(.text) for __use_two_region_memory
    startup_stm32h743xx.o(HEAP) refers (Special) to heapauxi.o(.text) for __use_two_region_memory
    startup_stm32h743xx.o(RESET) refers (Special) to heapauxi.o(.text) for __use_two_region_memory
    startup_stm32h743xx.o(RESET) refers to startup_stm32h743xx.o(STACK) for __initial_sp
    startup_stm32h743xx.o(RESET) refers to startup_stm32h743xx.o(.text) for Reset_Handler
    startup_stm32h743xx.o(RESET) refers to stm32h7xx_it.o(.text.NMI_Handler) for NMI_Handler
    startup_stm32h743xx.o(RESET) refers to stm32h7xx_it.o(.text.HardFault_Handler) for HardFault_Handler
    startup_stm32h743xx.o(RESET) refers to stm32h7xx_it.o(.text.MemManage_Handler) for MemManage_Handler
    startup_stm32h743xx.o(RESET) refers to stm32h7xx_it.o(.text.BusFault_Handler) for BusFault_Handler
    startup_stm32h743xx.o(RESET) refers to stm32h7xx_it.o(.text.UsageFault_Handler) for UsageFault_Handler
    startup_stm32h743xx.o(RESET) refers to stm32h7xx_it.o(.text.SVC_Handler) for SVC_Handler
    startup_stm32h743xx.o(RESET) refers to stm32h7xx_it.o(.text.DebugMon_Handler) for DebugMon_Handler
    startup_stm32h743xx.o(RESET) refers to stm32h7xx_it.o(.text.PendSV_Handler) for PendSV_Handler
    startup_stm32h743xx.o(RESET) refers to stm32h7xx_it.o(.text.SysTick_Handler) for SysTick_Handler
    startup_stm32h743xx.o(.text) refers (Special) to heapauxi.o(.text) for __use_two_region_memory
    startup_stm32h743xx.o(.text) refers to system_stm32h7xx.o(.text.SystemInit) for SystemInit
    startup_stm32h743xx.o(.text) refers to __main.o(!!!main) for __main
    startup_stm32h743xx.o(.text) refers to startup_stm32h743xx.o(HEAP) for Heap_Mem
    startup_stm32h743xx.o(.text) refers to startup_stm32h743xx.o(STACK) for Stack_Mem
    lcd.o(.text) refers (Special) to _printf_percent.o(.ARM.Collect$$_printf_percent$$00000000) for _printf_percent
    lcd.o(.text) refers (Special) to _printf_pad.o(.text) for _printf_pre_padding
    lcd.o(.text) refers (Special) to _printf_x.o(.ARM.Collect$$_printf_percent$$0000000C) for _printf_x
    lcd.o(.text) refers (Special) to _printf_d.o(.ARM.Collect$$_printf_percent$$00000009) for _printf_d
    lcd.o(.text) refers (Special) to _printf_dec.o(.text) for _printf_int_dec
    lcd.o(.text) refers (Special) to _printf_hex_int.o(.text) for _printf_longlong_hex
    lcd.o(.text.lcd_init) refers (Special) to _printf_percent.o(.ARM.Collect$$_printf_percent$$00000000) for _printf_percent
    lcd.o(.text.lcd_init) refers (Special) to _printf_pad.o(.text) for _printf_pre_padding
    lcd.o(.text.lcd_init) refers (Special) to _printf_x.o(.ARM.Collect$$_printf_percent$$0000000C) for _printf_x
    lcd.o(.text.lcd_init) refers (Special) to _printf_d.o(.ARM.Collect$$_printf_percent$$00000009) for _printf_d
    lcd.o(.text.lcd_init) refers (Special) to _printf_dec.o(.text) for _printf_int_dec
    lcd.o(.text.lcd_init) refers (Special) to _printf_hex_int.o(.text) for _printf_longlong_hex
    lcd.o(.text.lcd_init) refers to tim.o(.bss.htim1) for htim1
    lcd.o(.text.lcd_init) refers to stm32h7xx_hal_tim_ex.o(.text.HAL_TIMEx_PWMN_Start) for HAL_TIMEx_PWMN_Start
    lcd.o(.ARM.exidx.text.lcd_init) refers (Special) to _printf_percent.o(.ARM.Collect$$_printf_percent$$00000000) for _printf_percent
    lcd.o(.ARM.exidx.text.lcd_init) refers (Special) to _printf_pad.o(.text) for _printf_pre_padding
    lcd.o(.ARM.exidx.text.lcd_init) refers (Special) to _printf_x.o(.ARM.Collect$$_printf_percent$$0000000C) for _printf_x
    lcd.o(.ARM.exidx.text.lcd_init) refers (Special) to _printf_d.o(.ARM.Collect$$_printf_percent$$00000009) for _printf_d
    lcd.o(.ARM.exidx.text.lcd_init) refers (Special) to _printf_dec.o(.text) for _printf_int_dec
    lcd.o(.ARM.exidx.text.lcd_init) refers (Special) to _printf_hex_int.o(.text) for _printf_longlong_hex
    lcd.o(.ARM.exidx.text.lcd_init) refers to lcd.o(.text.lcd_init) for [Anonymous Symbol]
    lcd.o(.text.lcd_writereg) refers (Special) to _printf_percent.o(.ARM.Collect$$_printf_percent$$00000000) for _printf_percent
    lcd.o(.text.lcd_writereg) refers (Special) to _printf_pad.o(.text) for _printf_pre_padding
    lcd.o(.text.lcd_writereg) refers (Special) to _printf_x.o(.ARM.Collect$$_printf_percent$$0000000C) for _printf_x
    lcd.o(.text.lcd_writereg) refers (Special) to _printf_d.o(.ARM.Collect$$_printf_percent$$00000009) for _printf_d
    lcd.o(.text.lcd_writereg) refers (Special) to _printf_dec.o(.text) for _printf_int_dec
    lcd.o(.text.lcd_writereg) refers (Special) to _printf_hex_int.o(.text) for _printf_longlong_hex
    lcd.o(.text.lcd_writereg) refers to stm32h7xx_hal_gpio.o(.text.HAL_GPIO_WritePin) for HAL_GPIO_WritePin
[...]
    .ARM.Collect$$libshutdown$$00000002      0x0800038c   Section        0  libshutdown2.o(.ARM.Collect$$libshutdown$$00000002)
    .ARM.Collect$$libshutdown$$00000004      0x0800038c   Section        0  libshutdown2.o(.ARM.Collect$$libshutdown$$00000004)
    .ARM.Collect$$libshutdown$$00000007      0x0800038c   Section        0  libshutdown2.o(.ARM.Collect$$libshutdown$$00000007)
    .ARM.Collect$$libshutdown$$0000000A      0x0800038c   Section        0  libshutdown2.o(.ARM.Collect$$libshutdown$$0000000A)
    .ARM.Collect$$libshutdown$$0000000C      0x0800038c   Section        0  libshutdown2.o(.ARM.Collect$$libshutdown$$0000000C)
    .ARM.Collect$$libshutdown$$0000000F      0x0800038c   Section        0  libshutdown2.o(.ARM.Collect$$libshutdown$$0000000F)
    .ARM.Collect$$libshutdown$$00000010      0x0800038c   Section        2  libshutdown2.o(.ARM.Collect$$libshutdown$$00000010)
    .ARM.Collect$$rtentry$$00000000          0x0800038e   Section        0  __rtentry.o(.ARM.Collect$$rtentry$$00000000)
    .ARM.Collect$$rtentry$$00000002          0x0800038e   Section        0  __rtentry2.o(.ARM.Collect$$rtentry$$00000002)
    .ARM.Collect$$rtentry$$00000004          0x0800038e   Section        6  __rtentry4.o(.ARM.Collect$$rtentry$$00000004)
    .ARM.Collect$$rtentry$$00000009          0x08000394   Section        0  __rtentry2.o(.ARM.Collect$$rtentry$$00000009)
    .ARM.Collect$$rtentry$$0000000A          0x08000394   Section        4  __rtentry2.o(.ARM.Collect$$rtentry$$0000000A)
    .ARM.Collect$$rtentry$$0000000C          0x08000398   Section        0  __rtentry2.o(.ARM.Collect$$rtentry$$0000000C)
    .ARM.Collect$$rtentry$$0000000D          0x08000398   Section        8  __rtentry2.o(.ARM.Collect$$rtentry$$0000000D)
    .ARM.Collect$$rtexit$$00000000           0x080003a0   Section        2  rtexit.o(.ARM.Collect$$rtexit$$00000000)
    .ARM.Collect$$rtexit$$00000002           0x080003a2   Section        0  rtexit2.o(.ARM.Collect$$rtexit$$00000002)
    .ARM.Collect$$rtexit$$00000003           0x080003a2   Section        4  rtexit2.o(.ARM.Collect$$rtexit$$00000003)
    .ARM.Collect$$rtexit$$00000004           0x080003a6   Section        6  rtexit2.o(.ARM.Collect$$rtexit$$00000004)
    $v0                                      0x080003ac   Number         0  startup_stm32h743xx.o(.text)
    .text                                    0x080003ac   Section       64  startup_stm32h743xx.o(.text)
    .text                                    0x080003ec   Section        0  noretval__2sprintf.o(.text)
    .text                                    0x08000414   Section        0  _printf_pad.o(.text)
    .text                                    0x08000462   Section        0  _printf_truncate.o(.text)
    .text                                    0x08000486   Section        0  _printf_str.o(.text)
    .text                                    0x080004d8   Section        0  _printf_dec.o(.text)
    .text                                    0x08000550   Section        0  _printf_wctomb.o(.text)
    .text                                    0x0800060c   Section        0  _printf_oct_int.o(.text)
    .text                                    0x08000660   Section        0  _printf_hex_int.o(.text)
    .text                                    0x080006b8   Section        0  __printf_flags_ss_wp.o(.text)
    .text                                    0x08000840   Section       78  rt_memclr_w.o(.text)
    .text                                    0x0800088e   Section        0  heapauxi.o(.text)
    .text                                    0x08000894   Section        0  _printf_intcommon.o(.text)
    _printf_input_char                       0x08000949   Thumb Code    10  _printf_char_common.o(.text)
    .text                                    0x08000948   Section        0  _printf_char_common.o(.text)
    .text                                    0x08000978   Section        0  _sputc.o(.text)
    .text                                    0x08000982   Section        0  _printf_char.o(.text)
    .text                                    0x080009ae   Section        0  _printf_wchar.o(.text)
    .text                                    0x080009da   Section        0  _c16rtomb.o(.text)
    .text                                    0x08000a24   Section       16  rt_ctype_table.o(.text)
    .text                                    0x08000a34   Section       74  sys_stackheap_outer.o(.text)
    .text                                    0x08000a80   Section        8  rt_locale_intlibspace.o(.text)
    .text                                    0x08000a88   Section        0  exit.o(.text)
    .text                                    0x08000a9c   Section        8  libspace.o(.text)
    .text                                    0x08000aa8   Section      124  strcmpv7m_pel.o(.text)
    .text                                    0x08000b24   Section        0  sys_exit.o(.text)
    .text                                    0x08000b30   Section        2  use_no_semi.o(.text)
    .text                                    0x08000b32   Section        0  indicate_semi.o(.text)
    [Anonymous Symbol]                       0x08000b38   Section        0  stm32h7xx_it.o(.text.BusFault_Handler)
    [Anonymous Symbol]                       0x08000b40   Section        0  stm32h7xx_it.o(.text.DebugMon_Handler)
    [Anonymous Symbol]                       0x08000b48   Section        0  main.o(.text.Error_Handler)
    [Anonymous Symbol]                       0x08000b80   Section        0  stm32h7xx_hal.o(.text.HAL_Delay)
    [Anonymous Symbol]                       0x08000ba8   Section        0  stm32h7xx_hal_gpio.o(.text.HAL_GPIO_Init)
    [Anonymous Symbol]                       0x08000d70   Section        0  stm32h7xx_hal_gpio.o(.text.HAL_GPIO_ReadPin)
    [Anonymous Symbol]                       0x08000d80   Section        0  stm32h7xx_hal_gpio.o(.text.HAL_GPIO_WritePin)
    [Anonymous Symbol]                       0x08000d90   Section        0  stm32h7xx_hal.o(.text.HAL_GetDEVID)
    [Anonymous Symbol]                       0x08000da0   Section        0  stm32h7xx_hal.o(.text.HAL_GetREVID)
    [Anonymous Symbol]                       0x08000db0   Section        0  stm32h7xx_hal.o(.text.HAL_GetTick)
    [Anonymous Symbol]                       0x08000dc0   Section        0  stm32h7xx_hal.o(.text.HAL_IncTick)
    [Anonymous Symbol]                       0x08000de0   Section        0  stm32h7xx_hal.o(.text.HAL_Init)
    [Anonymous Symbol]                       0x08000e48   Section        0  stm32h7xx_hal.o(.text.HAL_InitTick)
    [Anonymous Symbol]                       0x08000e98   Section        0  stm32h7xx_hal_cortex.o(.text.HAL_MPU_ConfigRegion)
    [Anonymous Symbol]                       0x08000ef8   Section        0  stm32h7xx_hal_cortex.o(.text.HAL_MPU_Disable)
    [Anonymous Symbol]                       0x08000f18   Section        0  stm32h7xx_hal_cortex.o(.text.HAL_MPU_Enable)
    [Anonymous Symbol]                       0x08000f38   Section        0  stm32h7xx_hal_msp.o(.text.HAL_MspInit)
    [Anonymous Symbol]                       0x08000f58   Section        0  stm32h7xx_hal_cortex.o(.text.HAL_NVIC_SetPriority)
    [Anonymous Symbol]                       0x08000fb8   Section        0  stm32h7xx_hal_cortex.o(.text.HAL_NVIC_SetPriorityGrouping)
    [Anonymous Symbol]                       0x08000fd8   Section        0  stm32h7xx_hal_pwr_ex.o(.text.HAL_PWREx_ConfigSupply)
    [Anonymous Symbol]                       0x08001028   Section        0  stm32h7xx_hal_pwr.o(.text.HAL_PWR_EnableBkUpAccess)
    [Anonymous Symbol]                       0x08001040   Section        0  stm32h7xx_hal_rcc_ex.o(.text.HAL_RCCEx_PeriphCLKConfig)
    [Anonymous Symbol]                       0x08001ca8   Section        0  stm32h7xx_hal_rcc.o(.text.HAL_RCC_ClockConfig)
    [Anonymous Symbol]                       0x08001f10   Section        0  stm32h7xx_hal_rcc.o(.text.HAL_RCC_GetSysClockFreq)
    [Anonymous Symbol]                       0x08002028   Section        0  stm32h7xx_hal_rcc.o(.text.HAL_RCC_OscConfig)
    [Anonymous Symbol]                       0x08002528   Section        0  stm32h7xx_hal_rtc_ex.o(.text.HAL_RTCEx_BKUPRead)
    [Anonymous Symbol]                       0x08002538   Section        0  stm32h7xx_hal_rtc_ex.o(.text.HAL_RTCEx_BKUPWrite)
    [Anonymous Symbol]                       0x08002548   Section        0  stm32h7xx_hal_rtc.o(.text.HAL_RTC_GetDate)
    [Anonymous Symbol]                       0x080025b0   Section        0  stm32h7xx_hal_rtc.o(.text.HAL_RTC_GetTime)
    [Anonymous Symbol]                       0x08002628   Section        0  stm32h7xx_hal_rtc.o(.text.HAL_RTC_Init)
    [Anonymous Symbol]                       0x08002710   Section        0  rtc.o(.text.HAL_RTC_MspInit)
    [Anonymous Symbol]                       0x08002760   Section        0  stm32h7xx_hal_rtc.o(.text.HAL_RTC_SetDate)
    [Anonymous Symbol]                       0x080028c0   Section        0  stm32h7xx_hal_rtc.o(.text.HAL_RTC_SetTime)
    [Anonymous Symbol]                       0x08002a68   Section        0  stm32h7xx_hal_spi.o(.text.HAL_SPI_Init)
    [Anonymous Symbol]                       0x08002bd8   Section        0  spi.o(.text.HAL_SPI_MspInit)
    [Anonymous Symbol]                       0x08002c60   Section        0  stm32h7xx_hal_spi.o(.text.HAL_SPI_Receive)
    [Anonymous Symbol]                       0x08002f68   Section        0  stm32h7xx_hal_spi.o(.text.HAL_SPI_Transmit)
    [Anonymous Symbol]                       0x08003200   Section        0  stm32h7xx_hal_spi.o(.text.HAL_SPI_TransmitReceive)
    [Anonymous Symbol]                       0x080035e0   Section        0  stm32h7xx_hal_cortex.o(.text.HAL_SYSTICK_Config)
    [Anonymous Symbol]                       0x08003610   Section        0  stm32h7xx_hal_tim_ex.o(.text.HAL_TIMEx_ConfigBreakDeadTime)
    [Anonymous Symbol]                       0x080036b0   Section        0  stm32h7xx_hal_tim_ex.o(.text.HAL_TIMEx_MasterConfigSynchronization)
    [Anonymous Symbol]                       0x08003770   Section        0  stm32h7xx_hal_tim_ex.o(.text.HAL_TIMEx_PWMN_Start)
    [Anonymous Symbol]                       0x08003880   Section        0  stm32h7xx_hal_tim.o(.text.HAL_TIM_PWM_ConfigChannel)
    [Anonymous Symbol]                       0x08003d10   Section        0  stm32h7xx_hal_tim.o(.text.HAL_TIM_PWM_Init)
    [Anonymous Symbol]                       0x08003d70   Section        0  tim.o(.text.HAL_TIM_PWM_MspInit)
    [Anonymous Symbol]                       0x08003da0   Section        0  stm32h7xx_it.o(.text.HardFault_Handler)
    [Anonymous Symbol]                       0x08003da8   Section        0  lcd.o(.text.LCD_ShowChar)
    [Anonymous Symbol]                       0x080047b8   Section        0  lcd.o(.text.LCD_ShowString)
    [Anonymous Symbol]                       0x08004828   Section        0  lcd.o(.text.LCD_Test)
    [Anonymous Symbol]                       0x08004c68   Section        0  gpio.o(.text.MX_GPIO_Init)
    [Anonymous Symbol]                       0x08004d28   Section        0  rtc.o(.text.MX_RTC_Init)
    [Anonymous Symbol]                       0x08004e50   Section        0  spi.o(.text.MX_SPI4_Init)
    [Anonymous Symbol]                       0x08004eb8   Section        0  tim.o(.text.MX_TIM1_Init)
    [Anonymous Symbol]                       0x08004fc8   Section        0  stm32h7xx_it.o(.text.MemManage_Handler)
    [Anonymous Symbol]                       0x08004fd0   Section        0  stm32h7xx_it.o(.text.NMI_Handler)
    [Anonymous Symbol]                       0x08004fd8   Section        0  stm32h7xx_it.o(.text.PendSV_Handler)
    RCCEx_PLL2_Config                        0x08004fe1   Thumb Code   290  stm32h7xx_hal_rcc_ex.o(.text.RCCEx_PLL2_Config)
    [Anonymous Symbol]                       0x08004fe0   Section        0  stm32h7xx_hal_rcc_ex.o(.text.RCCEx_PLL2_Config)
    RCCEx_PLL3_Config                        0x08005109   Thumb Code   290  stm32h7xx_hal_rcc_ex.o(.text.RCCEx_PLL3_Config)
    [Anonymous Symbol]                       0x08005108   Section        0  stm32h7xx_hal_rcc_ex.o(.text.RCCEx_PLL3_Config)
    [Anonymous Symbol]                       0x08005230   Section        0  stm32h7xx_hal_rtc.o(.text.RTC_ExitInitMode)
    SPI_CloseTransfer                        0x080052c9   Thumb Code   208  stm32h7xx_hal_spi.o(.text.SPI_CloseTransfer)
    [Anonymous Symbol]                       0x080052c8   Section        0  stm32h7xx_hal_spi.o(.text.SPI_CloseTransfer)
    [Anonymous Symbol]                       0x08005398   Section        0  st7735.o(.text.ST7735_DeInit)
    [Anonymous Symbol]                       0x080053a0   Section        0  st7735.o(.text.ST7735_DisplayOff)
    [Anonymous Symbol]                       0x08005450   Section        0  st7735.o(.text.ST7735_DisplayOn)
    [Anonymous Symbol]                       0x08005500   Section        0  st7735.o(.text.ST7735_DrawBitmap)
    [Anonymous Symbol]                       0x08005660   Section        0  st7735.o(.text.ST7735_DrawHLine)
    [Anonymous Symbol]                       0x08005718   Section        0  st7735.o(.text.ST7735_DrawVLine)
    [Anonymous Symbol]                       0x08005798   Section        0  st7735.o(.text.ST7735_FillRGBRect)
    [Anonymous Symbol]                       0x08005928   Section        0  st7735.o(.text.ST7735_FillRect)
    [Anonymous Symbol]                       0x08005a70   Section        0  st7735.o(.text.ST7735_GetBrightness)
    [Anonymous Symbol]                       0x08005a78   Section        0  st7735.o(.text.ST7735_GetOrientation)
    [Anonymous Symbol]                       0x08005a88   Section        0  st7735.o(.text.ST7735_GetPixel)
    [Anonymous Symbol]                       0x08005af0   Section        0  st7735.o(.text.ST7735_GetXSize)
    [Anonymous Symbol]                       0x08005b00   Section        0  st7735.o(.text.ST7735_GetYSize)
    [Anonymous Symbol]                       0x08005b10   Section        0  st7735.o(.text.ST7735_Init)
    [Anonymous Symbol]                       0x08006008   Section        0  st7735.o(.text.ST7735_ReadID)
    ST7735_ReadRegWrap                       0x08006061   Thumb Code     8  st7735.o(.text.ST7735_ReadRegWrap)
    [Anonymous Symbol]                       0x08006060   Section        0  st7735.o(.text.ST7735_ReadRegWrap)
    ST7735_RecvDataWrap                      0x08006069   Thumb Code     8  st7735.o(.text.ST7735_RecvDataWrap)
    [Anonymous Symbol]                       0x08006068   Section        0  st7735.o(.text.ST7735_RecvDataWrap)
    [Anonymous Symbol]                       0x08006070   Section        0  st7735.o(.text.ST7735_RegisterBusIO)
    ST7735_SendDataWrap                      0x080060d1   Thumb Code     8  st7735.o(.text.ST7735_SendDataWrap)
    [Anonymous Symbol]                       0x080060d0   Section        0  st7735.o(.text.ST7735_SendDataWrap)
    [Anonymous Symbol]                       0x080060d8   Section        0  st7735.o(.text.ST7735_SetBrightness)
    [Anonymous Symbol]                       0x080060e0   Section        0  st7735.o(.text.ST7735_SetCursor)
    ST7735_SetDisplayWindow                  0x080061d9   Thumb Code   312  st7735.o(.text.ST7735_SetDisplayWindow)
    [Anonymous Symbol]                       0x080061d8   Section        0  st7735.o(.text.ST7735_SetDisplayWindow)
    [Anonymous Symbol]                       0x08006310   Section        0  st7735.o(.text.ST7735_SetOrientation)
    [Anonymous Symbol]                       0x080063a8   Section        0  st7735.o(.text.ST7735_SetPixel)
    ST7735_WriteRegWrap                      0x08006401   Thumb Code    12  st7735.o(.text.ST7735_WriteRegWrap)
    [Anonymous Symbol]                       0x08006400   Section        0  st7735.o(.text.ST7735_WriteRegWrap)
    [Anonymous Symbol]                       0x08006410   Section        0  stm32h7xx_it.o(.text.SVC_Handler)
    [Anonymous Symbol]                       0x08006418   Section        0  stm32h7xx_it.o(.text.SysTick_Handler)
    [Anonymous Symbol]                       0x08006420   Section        0  main.o(.text.SystemClock_Config)
    [Anonymous Symbol]                       0x08006550   Section        0  system_stm32h7xx.o(.text.SystemInit)
    [Anonymous Symbol]                       0x080065d0   Section        0  stm32h7xx_hal_tim.o(.text.TIM_Base_SetConfig)
    [Anonymous Symbol]                       0x08006730   Section        0  stm32h7xx_it.o(.text.UsageFault_Handler)
    lcd_gettick                              0x08006739   Thumb Code     4  lcd.o(.text.lcd_gettick)
    [Anonymous Symbol]                       0x08006738   Section        0  lcd.o(.text.lcd_gettick)
    lcd_init                                 0x08006741   Thumb Code    20  lcd.o(.text.lcd_init)
    [Anonymous Symbol]                       0x08006740   Section        0  lcd.o(.text.lcd_init)
    lcd_readreg                              0x08006759   Thumb Code   120  lcd.o(.text.lcd_readreg)
    [Anonymous Symbol]                       0x08006758   Section        0  lcd.o(.text.lcd_readreg)
    lcd_recvdata                             0x080067d1   Thumb Code    72  lcd.o(.text.lcd_recvdata)
    [Anonymous Symbol]                       0x080067d0   Section        0  lcd.o(.text.lcd_recvdata)
    lcd_senddata                             0x08006819   Thumb Code    70  lcd.o(.text.lcd_senddata)
    [Anonymous Symbol]                       0x08006818   Section        0  lcd.o(.text.lcd_senddata)
    lcd_writereg                             0x08006861   Thumb Code   128  lcd.o(.text.lcd_writereg)
    [Anonymous Symbol]                       0x08006860   Section        0  lcd.o(.text.lcd_writereg)
    [Anonymous Symbol]                       0x080068e0   Section        0  main.o(.text.main)
    [Anonymous Symbol]                       0x08006b38   Section        0  st7735_reg.o(.text.st7735_read_reg)
    [Anonymous Symbol]                       0x08006b40   Section        0  st7735_reg.o(.text.st7735_recv_data)
    [Anonymous Symbol]                       0x08006b48   Section        0  st7735_reg.o(.text.st7735_send_data)
    [Anonymous Symbol]                       0x08006b50   Section        0  st7735_reg.o(.text.st7735_write_reg)
    i._is_digit                              0x08006b58   Section        0  __printf_wp.o(i._is_digit)
    locale$$code                             0x08006b68   Section       44  lc_ctype_c.o(locale$$code)
    $v0                                      0x08006b94   Number         0  fpinit.o(x$fpl$fpinit)
    x$fpl$fpinit                             0x08006b94   Section       26  fpinit.o(x$fpl$fpinit)
    initial_mbstate                          0x08006bb0   Data           8  _printf_wctomb.o(.constdata)
    .constdata                               0x08006bb0   Section        8  _printf_wctomb.o(.constdata)
    uc_hextab                                0x08006bb8   Data          20  _printf_hex_int.o(.constdata)
    .constdata                               0x08006bb8   Section       40  _printf_hex_int.o(.constdata)
    lc_hextab                                0x08006bcc   Data          20  _printf_hex_int.o(.constdata)
    maptable                                 0x08006be0   Data          17  __printf_flags_ss_wp.o(.constdata)
    .constdata                               0x08006be0   Section       17  __printf_flags_ss_wp.o(.constdata)
    .Lswitch.table.ST7735_SetOrientation.1   0x08006bf4   Data          12  st7735.o(.rodata..Lswitch.table.ST7735_SetOrientation.1)
    OrientationTab                           0x0800dac0   Data          32  st7735.o(.rodata.cst32)
    [Anonymous Symbol]                       0x0800dac0   Section        0  st7735.o(.rodata.cst32)
    locale$$data                             0x0800db00   Section      272  lc_ctype_c.o(locale$$data)
    __lcctype_c_name                         0x0800db04   Data           2  lc_ctype_c.o(locale$$data)
    __lcctype_c_start                        0x0800db0c   Data           0  lc_ctype_c.o(locale$$data)
    __lcctype_c_end                          0x0800dc10   Data           0  lc_ctype_c.o(locale$$data)
    .L_MergedGlobals                         0x24000000   Data           8  stm32h7xx_hal.o(.data..L_MergedGlobals)
    [Anonymous Symbol]                       0x24000000   Section        0  stm32h7xx_hal.o(.data..L_MergedGlobals)
    .L_MergedGlobals                         0x24000008   Data           8  system_stm32h7xx.o(.data..L_MergedGlobals)
    [Anonymous Symbol]                       0x24000008   Section        0  system_stm32h7xx.o(.data..L_MergedGlobals)
    .bss                                     0x24000080   Section       96  libspace.o(.bss)
    .L_MergedGlobals                         0x240000e0   Data          64  lcd.o(.bss..L_MergedGlobals)
    [Anonymous Symbol]                       0x240000e0   Section        0  lcd.o(.bss..L_MergedGlobals)
    ST7735_DrawHLine.pdata                   0x24000130   Data         640  st7735.o(.bss.ST7735_DrawHLine.pdata)
    [Anonymous Symbol]                       0x24000130   Section        0  st7735.o(.bss.ST7735_DrawHLine.pdata)
    ST7735_FillRGBRect.pdata                 0x240003b0   Data         640  st7735.o(.bss.ST7735_FillRGBRect.pdata)
    [Anonymous Symbol]                       0x240003b0   Section        0  st7735.o(.bss.ST7735_FillRGBRect.pdata)
    Heap_Mem                                 0x24000730   Data         512  startup_stm32h743xx.o(HEAP)
    HEAP                                     0x24000730   Section      512  startup_stm32h743xx.o(HEAP)
    Stack_Mem                                0x24000930   Data        1024  startup_stm32h743xx.o(STACK)
    STACK                                    0x24000930   Section     1024  startup_stm32h743xx.o(STACK)
    __initial_sp                             0x24000d30   Data           0  startup_stm32h743xx.o(STACK)

    Global Symbols

    Symbol Name                              Value     Ov Type        Size  Object(Section)

    BuildAttributes$$THM_ISAv4$E$P$D$K$B$S$7EM$VFPv5_D16$PE$PLD8$A:L22UL41UL21$X:L11$S22US41US21$IEEE1$IW$~IW$USESV6$~STKCKD$USESV7$~SHL$OTIME$ROPI$EBA8$UX$STANDARDLIB$REQ8$PRES8$EABIv2 0x00000000   Number         0  anon$$obj.o ABSOLUTE
    _printf_flags                            0x00000000   Number         0  printf_stubs.o ABSOLUTE
    _printf_return_value                     0x00000000   Number         0  printf_stubs.o ABSOLUTE
    _printf_sizespec                         0x00000000   Number         0  printf_stubs.o ABSOLUTE
    _printf_widthprec                        0x00000000   Number         0  printf_stubs.o ABSOLUTE
    __ARM_exceptions_init                     - Undefined Weak Reference
    __alloca_initialize                       - Undefined Weak Reference
    __arm_preinit_                            - Undefined Weak Reference
    __arm_relocate_pie_                       - Undefined Weak Reference
    __cpp_initialize__aeabi_                  - Undefined Weak Reference
    __cxa_finalize                            - Undefined Weak Reference
    __sigvec_lookup                           - Undefined Weak Reference
    _atexit_init                              - Undefined Weak Reference
    _call_atexit_fns                          - Undefined Weak Reference
    _clock_init                               - Undefined Weak Reference
    _fp_trap_init                             - Undefined Weak Reference
    _fp_trap_shutdown                         - Undefined Weak Reference
    _get_lc_collate                           - Undefined Weak Reference
    _get_lc_monetary                          - Undefined Weak Reference
    _get_lc_numeric                           - Undefined Weak Reference
    _get_lc_time                              - Undefined Weak Reference
    _getenv_init                              - Undefined Weak Reference
    _handle_redirection                       - Undefined Weak Reference
    _init_alloc                               - Undefined Weak Reference
    _init_user_alloc                          - Undefined Weak Reference
    _initio                                   - Undefined Weak Reference
    _printf_mbtowc                            - Undefined Weak Reference
    _printf_wc                                - Undefined Weak Reference
    _rand_init                                - Undefined Weak Reference
    _signal_finish                            - Undefined Weak Reference
    _signal_init                              - Undefined Weak Reference
    _terminate_alloc                          - Undefined Weak Reference
    _terminate_user_alloc                     - Undefined Weak Reference
    _terminateio                              - Undefined Weak Reference
    __Vectors_Size                           0x00000298   Number         0  startup_stm32h743xx.o ABSOLUTE
    __Vectors                                0x08000000   Data           4  startup_stm32h743xx.o(RESET)
    __Vectors_End                            0x08000298   Data           0  startup_stm32h743xx.o(RESET)
    __main                                   0x08000299   Thumb Code     8  __main.o(!!!main)
    __scatterload                            0x080002a1   Thumb Code     0  __scatter.o(!!!scatter)
    __scatterload_rt2                        0x080002a1   Thumb Code    84  __scatter.o(!!!scatter)
    __scatterload_rt2_thumb_only             0x080002a1   Thumb Code     0  __scatter.o(!!!scatter)
    __scatterload_loop                       0x080002ab   Thumb Code     0  __scatter.o(!!!scatter)
    __scatterload_copy                       0x080002fd   Thumb Code    26  __scatter_copy.o(!!handler_copy)
    __scatterload_null                       0x08000319   Thumb Code     2  __scatter.o(!!handler_null)
    __scatterload_zeroinit                   0x0800031d   Thumb Code    28  __scatter_zi.o(!!handler_zi)
    _printf_i                                0x08000339   Thumb Code     0  _printf_i.o(.ARM.Collect$$_printf_percent$$00000008)
    _printf_percent                          0x08000339   Thumb Code     0  _printf_percent.o(.ARM.Collect$$_printf_percent$$00000000)
    _printf_d                                0x0800033f   Thumb Code     0  _printf_d.o(.ARM.Collect$$_printf_percent$$00000009)
    _printf_u                                0x08000345   Thumb Code     0  _printf_u.o(.ARM.Collect$$_printf_percent$$0000000A)
    _printf_o                                0x0800034b   Thumb Code     0  _printf_o.o(.ARM.Collect$$_printf_percent$$0000000B)
    _printf_x                                0x08000351   Thumb Code     0  _printf_x.o(.ARM.Collect$$_printf_percent$$0000000C)
    _printf_l                                0x08000357   Thumb Code     0  _printf_l.o(.ARM.Collect$$_printf_percent$$00000012)
    _printf_c                                0x08000361   Thumb Code     0  _printf_c.o(.ARM.Collect$$_printf_percent$$00000013)
    _printf_lc                               0x08000367   Thumb Code     0  _printf_lc.o(.ARM.Collect$$_printf_percent$$00000015)
    _printf_percent_end                      0x0800036d   Thumb Code     0  _printf_percent_end.o(.ARM.Collect$$_printf_percent$$00000017)
    __rt_lib_init                            0x08000371   Thumb Code     0  libinit.o(.ARM.Collect$$libinit$$00000000)
    __rt_lib_init_fp_1                       0x08000373   Thumb Code     0  libinit2.o(.ARM.Collect$$libinit$$00000001)
    __rt_lib_init_heap_1                     0x08000377   Thumb Code     0  libinit2.o(.ARM.Collect$$libinit$$0000000C)
    __rt_lib_init_lc_common                  0x08000377   Thumb Code     0  libinit2.o(.ARM.Collect$$libinit$$00000011)
    __rt_lib_init_preinit_1                  0x08000377   Thumb Code     0  libinit2.o(.ARM.Collect$$libinit$$00000006)
    __rt_lib_init_rand_1                     0x08000377   Thumb Code     0  libinit2.o(.ARM.Collect$$libinit$$00000010)
    __rt_lib_init_relocate_pie_1             0x08000377   Thumb Code     0  libinit2.o(.ARM.Collect$$libinit$$00000004)
    __rt_lib_init_user_alloc_1               0x08000377   Thumb Code     0  libinit2.o(.ARM.Collect$$libinit$$0000000E)
    __rt_lib_init_lc_collate_1               0x0800037d   Thumb Code     0  libinit2.o(.ARM.Collect$$libinit$$00000013)
    __rt_lib_init_lc_ctype_2                 0x0800037d   Thumb Code     0  libinit2.o(.ARM.Collect$$libinit$$00000014)
    __rt_lib_init_alloca_1                   0x08000389   Thumb Code     0  libinit2.o(.ARM.Collect$$libinit$$00000030)
    __rt_lib_init_argv_1                     0x08000389   Thumb Code     0  libinit2.o(.ARM.Collect$$libinit$$0000002E)
    __rt_lib_init_atexit_1                   0x08000389   Thumb Code     0  libinit2.o(.ARM.Collect$$libinit$$0000001D)
    __rt_lib_init_clock_1                    0x08000389   Thumb Code     0  libinit2.o(.ARM.Collect$$libinit$$00000023)
    __rt_lib_init_cpp_1                      0x08000389   Thumb Code     0  libinit2.o(.ARM.Collect$$libinit$$00000034)
    __rt_lib_init_exceptions_1               0x08000389   Thumb Code     0  libinit2.o(.ARM.Collect$$libinit$$00000032)
    __rt_lib_init_fp_trap_1                  0x08000389   Thumb Code     0  libinit2.o(.ARM.Collect$$libinit$$00000021)
    __rt_lib_init_getenv_1                   0x08000389   Thumb Code     0  libinit2.o(.ARM.Collect$$libinit$$00000025)
    __rt_lib_init_lc_ctype_1                 0x08000389   Thumb Code     0  libinit2.o(.ARM.Collect$$libinit$$00000015)
    __rt_lib_init_lc_monetary_1              0x08000389   Thumb Code     0  libinit2.o(.ARM.Collect$$libinit$$00000017)
    __rt_lib_init_lc_numeric_1               0x08000389   Thumb Code     0  libinit2.o(.ARM.Collect$$libinit$$00000019)
    __rt_lib_init_lc_time_1                  0x08000389   Thumb Code     0  libinit2.o(.ARM.Collect$$libinit$$0000001B)
    __rt_lib_init_return                     0x08000389   Thumb Code     0  libinit2.o(.ARM.Collect$$libinit$$00000035)
    __rt_lib_init_signal_1                   0x08000389   Thumb Code     0  libinit2.o(.ARM.Collect$$libinit$$0000001F)
    __rt_lib_init_stdio_1                    0x08000389   Thumb Code     0  libinit2.o(.ARM.Collect$$libinit$$00000027)
    __rt_lib_shutdown                        0x0800038b   Thumb Code     0  libshutdown.o(.ARM.Collect$$libshutdown$$00000000)
    __rt_lib_shutdown_cpp_1                  0x0800038d   Thumb Code     0  libshutdown2.o(.ARM.Collect$$libshutdown$$00000002)
    __rt_lib_shutdown_fp_trap_1              0x0800038d   Thumb Code     0  libshutdown2.o(.ARM.Collect$$libshutdown$$00000007)
    __rt_lib_shutdown_heap_1                 0x0800038d   Thumb Code     0  libshutdown2.o(.ARM.Collect$$libshutdown$$0000000F)
    __rt_lib_shutdown_return                 0x0800038d   Thumb Code     0  libshutdown2.o(.ARM.Collect$$libshutdown$$00000010)
    __rt_lib_shutdown_signal_1               0x0800038d   Thumb Code     0  libshutdown2.o(.ARM.Collect$$libshutdown$$0000000A)
    __rt_lib_shutdown_stdio_1                0x0800038d   Thumb Code     0  libshutdown2.o(.ARM.Collect$$libshutdown$$00000004)
    __rt_lib_shutdown_user_alloc_1           0x0800038d   Thumb Code     0  libshutdown2.o(.ARM.Collect$$libshutdown$$0000000C)
    __rt_entry                               0x0800038f   Thumb Code     0  __rtentry.o(.ARM.Collect$$rtentry$$00000000)
    __rt_entry_presh_1                       0x0800038f   Thumb Code     0  __rtentry2.o(.ARM.Collect$$rtentry$$00000002)
    __rt_entry_sh                            0x0800038f   Thumb Code     0  __rtentry4.o(.ARM.Collect$$rtentry$$00000004)
    __rt_entry_li                            0x08000395   Thumb Code     0  __rtentry2.o(.ARM.Collect$$rtentry$$0000000A)
    __rt_entry_postsh_1                      0x08000395   Thumb Code     0  __rtentry2.o(.ARM.Collect$$rtentry$$00000009)
    __rt_entry_main                          0x08000399   Thumb Code     0  __rtentry2.o(.ARM.Collect$$rtentry$$0000000D)
    __rt_entry_postli_1                      0x08000399   Thumb Code     0  __rtentry2.o(.ARM.Collect$$rtentry$$0000000C)
    __rt_exit                                0x080003a1   Thumb Code     0  rtexit.o(.ARM.Collect$$rtexit$$00000000)
    __rt_exit_ls                             0x080003a3   Thumb Code     0  rtexit2.o(.ARM.Collect$$rtexit$$00000003)
    __rt_exit_prels_1                        0x080003a3   Thumb Code     0  rtexit2.o(.ARM.Collect$$rtexit$$00000002)
    __rt_exit_exit                           0x080003a7   Thumb Code     0  rtexit2.o(.ARM.Collect$$rtexit$$00000004)
    Reset_Handler                            0x080003ad   Thumb Code     8  startup_stm32h743xx.o(.text)
    ADC3_IRQHandler                          0x080003c7   Thumb Code     0  startup_stm32h743xx.o(.text)
    ADC_IRQHandler                           0x080003c7   Thumb Code     0  startup_stm32h743xx.o(.text)
    BDMA_Channel0_IRQHandler                 0x080003c7   Thumb Code     0  startup_stm32h743xx.o(.text)
    BDMA_Channel1_IRQHandler                 0x080003c7   Thumb Code     0  startup_stm32h743xx.o(.text)
    BDMA_Channel2_IRQHandler                 0x080003c7   Thumb Code     0  startup_stm32h743xx.o(.text)
    BDMA_Channel3_IRQHandler                 0x080003c7   Thumb Code     0  startup_stm32h743xx.o(.text)
    BDMA_Channel4_IRQHandler                 0x080003c7   Thumb Code     0  startup_stm32h743xx.o(.text)
    BDMA_Channel5_IRQHandler                 0x080003c7   Thumb Code     0  startup_stm32h743xx.o(.text)
    BDMA_Channel6_IRQHandler                 0x080003c7   Thumb Code     0  startup_stm32h743xx.o(.text)
    BDMA_Channel7_IRQHandler                 0x080003c7   Thumb Code     0  startup_stm32h743xx.o(.text)
    CEC_IRQHandler                           0x080003c7   Thumb Code     0  startup_stm32h743xx.o(.text)
    COMP1_IRQHandler                         0x080003c7   Thumb Code     0  startup_stm32h743xx.o(.text)
    CRS_IRQHandler                           0x080003c7   Thumb Code     0  startup_stm32h743xx.o(.text)
    DCMI_IRQHandler                          0x080003c7   Thumb Code     0  startup_stm32h743xx.o(.text)
    DFSDM1_FLT0_IRQHandler                   0x080003c7   Thumb Code     0  startup_stm32h743xx.o(.text)
    DFSDM1_FLT1_IRQHandler                   0x080003c7   Thumb Code     0  startup_stm32h743xx.o(.text)
    DFSDM1_FLT2_IRQHandler                   0x080003c7   Thumb Code     0  startup_stm32h743xx.o(.text)
    DFSDM1_FLT3_IRQHandler                   0x080003c7   Thumb Code     0  startup_stm32h743xx.o(.text)
    DMA1_Stream0_IRQHandler                  0x080003c7   Thumb Code     0  startup_stm32h743xx.o(.text)
    DMA1_Stream1_IRQHandler                  0x080003c7   Thumb Code     0  startup_stm32h743xx.o(.text)
    DMA1_Stream2_IRQHandler                  0x080003c7   Thumb Code     0  startup_stm32h743xx.o(.text)
    DMA1_Stream3_IRQHandler                  0x080003c7   Thumb Code     0  startup_stm32h743xx.o(.text)
    DMA1_Stream4_IRQHandler                  0x080003c7   Thumb Code     0  startup_stm32h743xx.o(.text)
    DMA1_Stream5_IRQHandler                  0x080003c7   Thumb Code     0  startup_stm32h743xx.o(.text)
    DMA1_Stream6_IRQHandler                  0x080003c7   Thumb Code     0  startup_stm32h743xx.o(.text)
    DMA1_Stream7_IRQHandler                  0x080003c7   Thumb Code     0  startup_stm32h743xx.o(.text)
    DMA2D_IRQHandler                         0x080003c7   Thumb Code     0  startup_stm32h743xx.o(.text)
    DMA2_Stream0_IRQHandler                  0x080003c7   Thumb Code     0  startup_stm32h743xx.o(.text)
    DMA2_Stream1_IRQHandler                  0x080003c7   Thumb Code     0  startup_stm32h743xx.o(.text)
    DMA2_Stream2_IRQHandler                  0x080003c7   Thumb Code     0  startup_stm32h743xx.o(.text)
    DMA2_Stream3_IRQHandler                  0x080003c7   Thumb Code     0  startup_stm32h743xx.o(.text)
    DMA2_Stream4_IRQHandler                  0x080003c7   Thumb Code     0  startup_stm32h743xx.o(.text)
    DMA2_Stream5_IRQHandler                  0x080003c7   Thumb Code     0  startup_stm32h743xx.o(.text)
    DMA2_Stream6_IRQHandler                  0x080003c7   Thumb Code     0  startup_stm32h743xx.o(.text)
    DMA2_Stream7_IRQHandler                  0x080003c7   Thumb Code     0  startup_stm32h743xx.o(.text)
    DMAMUX1_OVR_IRQHandler                   0x080003c7   Thumb Code     0  startup_stm32h743xx.o(.text)
    DMAMUX2_OVR_IRQHandler                   0x080003c7   Thumb Code     0  startup_stm32h743xx.o(.text)
    ECC_IRQHandler                           0x080003c7   Thumb Code     0  startup_stm32h743xx.o(.text)
    ETH_IRQHandler                           0x080003c7   Thumb Code     0  startup_stm32h743xx.o(.text)
    ETH_WKUP_IRQHandler                      0x080003c7   Thumb Code     0  startup_stm32h743xx.o(.text)
    EXTI0_IRQHandler                         0x080003c7   Thumb Code     0  startup_stm32h743xx.o(.text)
    EXTI15_10_IRQHandler                     0x080003c7   Thumb Code     0  startup_stm32h743xx.o(.text)
    EXTI1_IRQHandler                         0x080003c7   Thumb Code     0  startup_stm32h743xx.o(.text)
    EXTI2_IRQHandler                         0x080003c7   Thumb Code     0  startup_stm32h743xx.o(.text)
    EXTI3_IRQHandler                         0x080003c7   Thumb Code     0  startup_stm32h743xx.o(.text)
    EXTI4_IRQHandler                         0x080003c7   Thumb Code     0  startup_stm32h743xx.o(.text)
    EXTI9_5_IRQHandler                       0x080003c7   Thumb Code     0  startup_stm32h743xx.o(.text)
    FDCAN1_IT0_IRQHandler                    0x080003c7   Thumb Code     0  startup_stm32h743xx.o(.text)
    FDCAN1_IT1_IRQHandler                    0x080003c7   Thumb Code     0  startup_stm32h743xx.o(.text)
    FDCAN2_IT0_IRQHandler                    0x080003c7   Thumb Code     0  startup_stm32h743xx.o(.text)
    FDCAN2_IT1_IRQHandler                    0x080003c7   Thumb Code     0  startup_stm32h743xx.o(.text)
    FDCAN_CAL_IRQHandler                     0x080003c7   Thumb Code     0  startup_stm32h743xx.o(.text)
    FLASH_IRQHandler                         0x080003c7   Thumb Code     0  startup_stm32h743xx.o(.text)
    FMC_IRQHandler                           0x080003c7   Thumb Code     0  startup_stm32h743xx.o(.text)
    FPU_IRQHandler                           0x080003c7   Thumb Code     0  startup_stm32h743xx.o(.text)
    HRTIM1_FLT_IRQHandler                    0x080003c7   Thumb Code     0  startup_stm32h743xx.o(.text)
    HRTIM1_Master_IRQHandler                 0x080003c7   Thumb Code     0  startup_stm32h743xx.o(.text)
    HRTIM1_TIMA_IRQHandler                   0x080003c7   Thumb Code     0  startup_stm32h743xx.o(.text)
    HRTIM1_TIMB_IRQHandler                   0x080003c7   Thumb Code     0  startup_stm32h743xx.o(.text)
    HRTIM1_TIMC_IRQHandler                   0x080003c7   Thumb Code     0  startup_stm32h743xx.o(.text)
    HRTIM1_TIMD_IRQHandler                   0x080003c7   Thumb Code     0  startup_stm32h743xx.o(.text)
    HRTIM1_TIME_IRQHandler                   0x080003c7   Thumb Code     0  startup_stm32h743xx.o(.text)
    HSEM1_IRQHandler                         0x080003c7   Thumb Code     0  startup_stm32h743xx.o(.text)
    I2C1_ER_IRQHandler                       0x080003c7   Thumb Code     0  startup_stm32h743xx.o(.text)
    I2C1_EV_IRQHandler                       0x080003c7   Thumb Code     0  startup_stm32h743xx.o(.text)
    I2C2_ER_IRQHandler                       0x080003c7   Thumb Code     0  startup_stm32h743xx.o(.text)
    I2C2_EV_IRQHandler                       0x080003c7   Thumb Code     0  startup_stm32h743xx.o(.text)
    I2C3_ER_IRQHandler                       0x080003c7   Thumb Code     0  startup_stm32h743xx.o(.text)
    I2C3_EV_IRQHandler                       0x080003c7   Thumb Code     0  startup_stm32h743xx.o(.text)
    I2C4_ER_IRQHandler                       0x080003c7   Thumb Code     0  startup_stm32h743xx.o(.text)
    I2C4_EV_IRQHandler                       0x080003c7   Thumb Code     0  startup_stm32h743xx.o(.text)
    JPEG_IRQHandler                          0x080003c7   Thumb Code     0  startup_stm32h743xx.o(.text)
    LPTIM1_IRQHandler                        0x080003c7   Thumb Code     0  startup_stm32h743xx.o(.text)
    LPTIM2_IRQHandler                        0x080003c7   Thumb Code     0  startup_stm32h743xx.o(.text)
    LPTIM3_IRQHandler                        0x080003c7   Thumb Code     0  startup_stm32h743xx.o(.text)
    LPTIM4_IRQHandler                        0x080003c7   Thumb Code     0  startup_stm32h743xx.o(.text)
    LPTIM5_IRQHandler                        0x080003c7   Thumb Code     0  startup_stm32h743xx.o(.text)
    LPUART1_IRQHandler                       0x080003c7   Thumb Code     0  startup_stm32h743xx.o(.text)
    LTDC_ER_IRQHandler                       0x080003c7   Thumb Code     0  startup_stm32h743xx.o(.text)
    LTDC_IRQHandler                          0x080003c7   Thumb Code     0  startup_stm32h743xx.o(.text)
    MDIOS_IRQHandler                         0x080003c7   Thumb Code     0  startup_stm32h743xx.o(.text)
    MDIOS_WKUP_IRQHandler                    0x080003c7   Thumb Code     0  startup_stm32h743xx.o(.text)
    MDMA_IRQHandler                          0x080003c7   Thumb Code     0  startup_stm32h743xx.o(.text)
    OTG_FS_EP1_IN_IRQHandler                 0x080003c7   Thumb Code     0  startup_stm32h743xx.o(.text)
    OTG_FS_EP1_OUT_IRQHandler                0x080003c7   Thumb Code     0  startup_stm32h743xx.o(.text)
    OTG_FS_IRQHandler                        0x080003c7   Thumb Code     0  startup_stm32h743xx.o(.text)
    OTG_FS_WKUP_IRQHandler                   0x080003c7   Thumb Code     0  startup_stm32h743xx.o(.text)
    OTG_HS_EP1_IN_IRQHandler                 0x080003c7   Thumb Code     0  startup_stm32h743xx.o(.text)
    OTG_HS_EP1_OUT_IRQHandler                0x080003c7   Thumb Code     0  startup_stm32h743xx.o(.text)
    OTG_HS_IRQHandler                        0x080003c7   Thumb Code     0  startup_stm32h743xx.o(.text)
    OTG_HS_WKUP_IRQHandler                   0x080003c7   Thumb Code     0  startup_stm32h743xx.o(.text)
    PVD_AVD_IRQHandler                       0x080003c7   Thumb Code     0  startup_stm32h743xx.o(.text)
    QUADSPI_IRQHandler                       0x080003c7   Thumb Code     0  startup_stm32h743xx.o(.text)
    RCC_IRQHandler                           0x080003c7   Thumb Code     0  startup_stm32h743xx.o(.text)
    RNG_IRQHandler                           0x080003c7   Thumb Code     0  startup_stm32h743xx.o(.text)
    RTC_Alarm_IRQHandler                     0x080003c7   Thumb Code     0  startup_stm32h743xx.o(.text)
    RTC_WKUP_IRQHandler                      0x080003c7   Thumb Code     0  startup_stm32h743xx.o(.text)
    SAI1_IRQHandler                          0x080003c7   Thumb Code     0  startup_stm32h743xx.o(.text)
    SAI2_IRQHandler                          0x080003c7   Thumb Code     0  startup_stm32h743xx.o(.text)
    SAI3_IRQHandler                          0x080003c7   Thumb Code     0  startup_stm32h743xx.o(.text)
    SAI4_IRQHandler                          0x080003c7   Thumb Code     0  startup_stm32h743xx.o(.text)
    SDMMC1_IRQHandler                        0x080003c7   Thumb Code     0  startup_stm32h743xx.o(.text)
    SDMMC2_IRQHandler                        0x080003c7   Thumb Code     0  startup_stm32h743xx.o(.text)
    SPDIF_RX_IRQHandler                      0x080003c7   Thumb Code     0  startup_stm32h743xx.o(.text)
    SPI1_IRQHandler                          0x080003c7   Thumb Code     0  startup_stm32h743xx.o(.text)
    SPI2_IRQHandler                          0x080003c7   Thumb Code     0  startup_stm32h743xx.o(.text)
    SPI3_IRQHandler                          0x080003c7   Thumb Code     0  startup_stm32h743xx.o(.text)
    SPI4_IRQHandler                          0x080003c7   Thumb Code     0  startup_stm32h743xx.o(.text)
    SPI5_IRQHandler                          0x080003c7   Thumb Code     0  startup_stm32h743xx.o(.text)
    SPI6_IRQHandler                          0x080003c7   Thumb Code     0  startup_stm32h743xx.o(.text)
    SWPMI1_IRQHandler                        0x080003c7   Thumb Code     0  startup_stm32h743xx.o(.text)
    TAMP_STAMP_IRQHandler                    0x080003c7   Thumb Code     0  startup_stm32h743xx.o(.text)
    TIM15_IRQHandler                         0x080003c7   Thumb Code     0  startup_stm32h743xx.o(.text)
    TIM16_IRQHandler                         0x080003c7   Thumb Code     0  startup_stm32h743xx.o(.text)
    TIM17_IRQHandler                         0x080003c7   Thumb Code     0  startup_stm32h743xx.o(.text)
    TIM1_BRK_IRQHandler                      0x080003c7   Thumb Code     0  startup_stm32h743xx.o(.text)
    TIM1_CC_IRQHandler                       0x080003c7   Thumb Code     0  startup_stm32h743xx.o(.text)
    TIM1_TRG_COM_IRQHandler                  0x080003c7   Thumb Code     0  startup_stm32h743xx.o(.text)
    TIM1_UP_IRQHandler                       0x080003c7   Thumb Code     0  startup_stm32h743xx.o(.text)
    TIM2_IRQHandler                          0x080003c7   Thumb Code     0  startup_stm32h743xx.o(.text)
    TIM3_IRQHandler                          0x080003c7   Thumb Code     0  startup_stm32h743xx.o(.text)
    TIM4_IRQHandler                          0x080003c7   Thumb Code     0  startup_stm32h743xx.o(.text)
    TIM5_IRQHandler                          0x080003c7   Thumb Code     0  startup_stm32h743xx.o(.text)
    TIM6_DAC_IRQHandler                      0x080003c7   Thumb Code     0  startup_stm32h743xx.o(.text)
    TIM7_IRQHandler                          0x080003c7   Thumb Code     0  startup_stm32h743xx.o(.text)
    TIM8_BRK_TIM12_IRQHandler                0x080003c7   Thumb Code     0  startup_stm32h743xx.o(.text)
    TIM8_CC_IRQHandler                       0x080003c7   Thumb Code     0  startup_stm32h743xx.o(.text)
    TIM8_TRG_COM_TIM14_IRQHandler            0x080003c7   Thumb Code     0  startup_stm32h743xx.o(.text)
    TIM8_UP_TIM13_IRQHandler                 0x080003c7   Thumb Code     0  startup_stm32h743xx.o(.text)
    UART4_IRQHandler                         0x080003c7   Thumb Code     0  startup_stm32h743xx.o(.text)
    UART5_IRQHandler                         0x080003c7   Thumb Code     0  startup_stm32h743xx.o(.text)
    UART7_IRQHandler                         0x080003c7   Thumb Code     0  startup_stm32h743xx.o(.text)
    UART8_IRQHandler                         0x080003c7   Thumb Code     0  startup_stm32h743xx.o(.text)
    USART1_IRQHandler                        0x080003c7   Thumb Code     0  startup_stm32h743xx.o(.text)
    USART2_IRQHandler                        0x080003c7   Thumb Code     0  startup_stm32h743xx.o(.text)
    USART3_IRQHandler                        0x080003c7   Thumb Code     0  startup_stm32h743xx.o(.text)
    USART6_IRQHandler                        0x080003c7   Thumb Code     0  startup_stm32h743xx.o(.text)
    WAKEUP_PIN_IRQHandler                    0x080003c7   Thumb Code     0  startup_stm32h743xx.o(.text)
    WWDG_IRQHandler                          0x080003c7   Thumb Code     0  startup_stm32h743xx.o(.text)
    __user_initial_stackheap                 0x080003c9   Thumb Code     0  startup_stm32h743xx.o(.text)
    __2sprintf                               0x080003ed   Thumb Code    34  noretval__2sprintf.o(.text)
    _printf_pre_padding                      0x08000415   Thumb Code    44  _printf_pad.o(.text)
    _printf_post_padding                     0x08000441   Thumb Code    34  _printf_pad.o(.text)
    _printf_truncate_signed                  0x08000463   Thumb Code    18  _printf_truncate.o(.text)
    _printf_truncate_unsigned                0x08000475   Thumb Code    18  _printf_truncate.o(.text)
    _printf_str                              0x08000487   Thumb Code    82  _printf_str.o(.text)
    _printf_int_dec                          0x080004d9   Thumb Code   104  _printf_dec.o(.text)
    _printf_wctomb                           0x08000551   Thumb Code   182  _printf_wctomb.o(.text)
    _printf_int_oct                          0x0800060d   Thumb Code    74  _printf_oct_int.o(.text)
    _printf_longlong_oct                     0x0800060d   Thumb Code     0  _printf_oct_int.o(.text)
    _printf_int_hex                          0x08000661   Thumb Code    84  _printf_hex_int.o(.text)
    _printf_longlong_hex                     0x08000661   Thumb Code     0  _printf_hex_int.o(.text)
    __printf                                 0x080006b9   Thumb Code   388  __printf_flags_ss_wp.o(.text)
    __aeabi_memclr4                          0x08000841   Thumb Code     0  rt_memclr_w.o(.text)
    __aeabi_memclr8                          0x08000841   Thumb Code     0  rt_memclr_w.o(.text)
    __rt_memclr_w                            0x08000841   Thumb Code     0  rt_memclr_w.o(.text)
    _memset_w                                0x08000845   Thumb Code    74  rt_memclr_w.o(.text)
    __use_two_region_memory                  0x0800088f   Thumb Code     2  heapauxi.o(.text)
    __rt_heap_escrow$2region                 0x08000891   Thumb Code     2  heapauxi.o(.text)
    __rt_heap_expand$2region                 0x08000893   Thumb Code     2  heapauxi.o(.text)
    _printf_int_common                       0x08000895   Thumb Code   178  _printf_intcommon.o(.text)
    _printf_char_common                      0x08000953   Thumb Code    32  _printf_char_common.o(.text)
    _sputc                                   0x08000979   Thumb Code    10  _sputc.o(.text)
    _printf_cs_common                        0x08000983   Thumb Code    20  _printf_char.o(.text)
    _printf_char                             0x08000997   Thumb Code    16  _printf_char.o(.text)
    _printf_string                           0x080009a7   Thumb Code     8  _printf_char.o(.text)
    _printf_lcs_common                       0x080009af   Thumb Code    20  _printf_wchar.o(.text)
    _printf_wchar                            0x080009c3   Thumb Code    16  _printf_wchar.o(.text)
    _printf_wstring                          0x080009d3   Thumb Code     8  _printf_wchar.o(.text)
    _c16rtomb                                0x080009db   Thumb Code    72  _c16rtomb.o(.text)
    _wcrtomb                                 0x080009db   Thumb Code     0  _c16rtomb.o(.text)
    __rt_ctype_table                         0x08000a25   Thumb Code    16  rt_ctype_table.o(.text)
    __user_setup_stackheap                   0x08000a35   Thumb Code    74  sys_stackheap_outer.o(.text)
    __rt_locale                              0x08000a81   Thumb Code     8  rt_locale_intlibspace.o(.text)
    exit                                     0x08000a89   Thumb Code    18  exit.o(.text)
    __user_libspace                          0x08000a9d   Thumb Code     8  libspace.o(.text)
    __user_perproc_libspace                  0x08000a9d   Thumb Code     0  libspace.o(.text)
    __user_perthread_libspace                0x08000a9d   Thumb Code     0  libspace.o(.text)
    strcmp                                   0x08000aa9   Thumb Code   124  strcmpv7m_pel.o(.text)
    _sys_exit                                0x08000b25   Thumb Code     8  sys_exit.o(.text)
    __I$use$semihosting                      0x08000b31   Thumb Code     0  use_no_semi.o(.text)
    __use_no_semihosting_swi                 0x08000b31   Thumb Code     2  use_no_semi.o(.text)
    __semihosting_library_function           0x08000b33   Thumb Code     0  indicate_semi.o(.text)
    BusFault_Handler                         0x08000b39   Thumb Code     2  stm32h7xx_it.o(.text.BusFault_Handler)
    DebugMon_Handler                         0x08000b41   Thumb Code     2  stm32h7xx_it.o(.text.DebugMon_Handler)
    Error_Handler                            0x08000b49   Thumb Code    50  main.o(.text.Error_Handler)
    HAL_Delay                                0x08000b81   Thumb Code    40  stm32h7xx_hal.o(.text.HAL_Delay)
    HAL_GPIO_Init                            0x08000ba9   Thumb Code   450  stm32h7xx_hal_gpio.o(.text.HAL_GPIO_Init)
    HAL_GPIO_ReadPin                         0x08000d71   Thumb Code    10  stm32h7xx_hal_gpio.o(.text.HAL_GPIO_ReadPin)
    HAL_GPIO_WritePin                        0x08000d81   Thumb Code    10  stm32h7xx_hal_gpio.o(.text.HAL_GPIO_WritePin)
    HAL_GetDEVID                             0x08000d91   Thumb Code    16  stm32h7xx_hal.o(.text.HAL_GetDEVID)
    HAL_GetREVID                             0x08000da1   Thumb Code    14  stm32h7xx_hal.o(.text.HAL_GetREVID)
    HAL_GetTick                              0x08000db1   Thumb Code    12  stm32h7xx_hal.o(.text.HAL_GetTick)
    HAL_IncTick                              0x08000dc1   Thumb Code    26  stm32h7xx_hal.o(.text.HAL_IncTick)
    HAL_Init                                 0x08000de1   Thumb Code   100  stm32h7xx_hal.o(.text.HAL_Init)
    HAL_InitTick                             0x08000e49   Thumb Code    76  stm32h7xx_hal.o(.text.HAL_InitTick)
    HAL_MPU_ConfigRegion                     0x08000e99   Thumb Code    96  stm32h7xx_hal_cortex.o(.text.HAL_MPU_ConfigRegion)
    HAL_MPU_Disable                          0x08000ef9   Thumb Code    26  stm32h7xx_hal_cortex.o(.text.HAL_MPU_Disable)
    HAL_MPU_Enable                           0x08000f19   Thumb Code    32  stm32h7xx_hal_cortex.o(.text.HAL_MPU_Enable)
    HAL_MspInit                              0x08000f39   Thumb Code    32  stm32h7xx_hal_msp.o(.text.HAL_MspInit)
    HAL_NVIC_SetPriority                     0x08000f59   Thumb Code    90  stm32h7xx_hal_cortex.o(.text.HAL_NVIC_SetPriority)
    HAL_NVIC_SetPriorityGrouping             0x08000fb9   Thumb Code    32  stm32h7xx_hal_cortex.o(.text.HAL_NVIC_SetPriorityGrouping)
    HAL_PWREx_ConfigSupply                   0x08000fd9   Thumb Code    76  stm32h7xx_hal_pwr_ex.o(.text.HAL_PWREx_ConfigSupply)
    HAL_PWR_EnableBkUpAccess                 0x08001029   Thumb Code    18  stm32h7xx_hal_pwr.o(.text.HAL_PWR_EnableBkUpAccess)
    HAL_RCCEx_PeriphCLKConfig                0x08001041   Thumb Code  3172  stm32h7xx_hal_rcc_ex.o(.text.HAL_RCCEx_PeriphCLKConfig)
    HAL_RCC_ClockConfig                      0x08001ca9   Thumb Code   616  stm32h7xx_hal_rcc.o(.text.HAL_RCC_ClockConfig)
    HAL_RCC_GetSysClockFreq                  0x08001f11   Thumb Code   264  stm32h7xx_hal_rcc.o(.text.HAL_RCC_GetSysClockFreq)
    HAL_RCC_OscConfig                        0x08002029   Thumb Code  1276  stm32h7xx_hal_rcc.o(.text.HAL_RCC_OscConfig)
    HAL_RTCEx_BKUPRead                       0x08002529   Thumb Code    10  stm32h7xx_hal_rtc_ex.o(.text.HAL_RTCEx_BKUPRead)
    HAL_RTCEx_BKUPWrite                      0x08002539   Thumb Code    10  stm32h7xx_hal_rtc_ex.o(.text.HAL_RTCEx_BKUPWrite)
    HAL_RTC_GetDate                          0x08002549   Thumb Code   104  stm32h7xx_hal_rtc.o(.text.HAL_RTC_GetDate)
    HAL_RTC_GetTime                          0x080025b1   Thumb Code   116  stm32h7xx_hal_rtc.o(.text.HAL_RTC_GetTime)
    HAL_RTC_Init                             0x08002629   Thumb Code   226  stm32h7xx_hal_rtc.o(.text.HAL_RTC_Init)
    HAL_RTC_MspInit                          0x08002711   Thumb Code    80  rtc.o(.text.HAL_RTC_MspInit)
    HAL_RTC_SetDate                          0x08002761   Thumb Code   348  stm32h7xx_hal_rtc.o(.text.HAL_RTC_SetDate)
    HAL_RTC_SetTime                          0x080028c1   Thumb Code   422  stm32h7xx_hal_rtc.o(.text.HAL_RTC_SetTime)
    HAL_SPI_Init                             0x08002a69   Thumb Code   368  stm32h7xx_hal_spi.o(.text.HAL_SPI_Init)
    HAL_SPI_MspInit                          0x08002bd9   Thumb Code   136  spi.o(.text.HAL_SPI_MspInit)
    HAL_SPI_Receive                          0x08002c61   Thumb Code   772  stm32h7xx_hal_spi.o(.text.HAL_SPI_Receive)
    HAL_SPI_Transmit                         0x08002f69   Thumb Code   664  stm32h7xx_hal_spi.o(.text.HAL_SPI_Transmit)
    HAL_SPI_TransmitReceive                  0x08003201   Thumb Code   990  stm32h7xx_hal_spi.o(.text.HAL_SPI_TransmitReceive)
    HAL_SYSTICK_Config                       0x080035e1   Thumb Code    46  stm32h7xx_hal_cortex.o(.text.HAL_SYSTICK_Config)
    HAL_TIMEx_ConfigBreakDeadTime            0x08003611   Thumb Code   160  stm32h7xx_hal_tim_ex.o(.text.HAL_TIMEx_ConfigBreakDeadTime)
    HAL_TIMEx_MasterConfigSynchronization    0x080036b1   Thumb Code   188  stm32h7xx_hal_tim_ex.o(.text.HAL_TIMEx_MasterConfigSynchronization)
    HAL_TIMEx_PWMN_Start                     0x08003771   Thumb Code   272  stm32h7xx_hal_tim_ex.o(.text.HAL_TIMEx_PWMN_Start)
    HAL_TIM_PWM_ConfigChannel                0x08003881   Thumb Code  1166  stm32h7xx_hal_tim.o(.text.HAL_TIM_PWM_ConfigChannel)
    HAL_TIM_PWM_Init                         0x08003d11   Thumb Code    96  stm32h7xx_hal_tim.o(.text.HAL_TIM_PWM_Init)
    HAL_TIM_PWM_MspInit                      0x08003d71   Thumb Code    46  tim.o(.text.HAL_TIM_PWM_MspInit)
    HardFault_Handler                        0x08003da1   Thumb Code     2  stm32h7xx_it.o(.text.HardFault_Handler)
    LCD_ShowChar                             0x08003da9   Thumb Code  2576  lcd.o(.text.LCD_ShowChar)
    LCD_ShowString                           0x080047b9   Thumb Code   112  lcd.o(.text.LCD_ShowString)
    LCD_Test                                 0x08004829   Thumb Code  1040  lcd.o(.text.LCD_Test)
    MX_GPIO_Init                             0x08004c69   Thumb Code   192  gpio.o(.text.MX_GPIO_Init)
    MX_RTC_Init                              0x08004d29   Thumb Code   294  rtc.o(.text.MX_RTC_Init)
    MX_SPI4_Init                             0x08004e51   Thumb Code    98  spi.o(.text.MX_SPI4_Init)
    MX_TIM1_Init                             0x08004eb9   Thumb Code   268  tim.o(.text.MX_TIM1_Init)
    MemManage_Handler                        0x08004fc9   Thumb Code     2  stm32h7xx_it.o(.text.MemManage_Handler)
    NMI_Handler                              0x08004fd1   Thumb Code     2  stm32h7xx_it.o(.text.NMI_Handler)
    PendSV_Handler                           0x08004fd9   Thumb Code     2  stm32h7xx_it.o(.text.PendSV_Handler)
    RTC_ExitInitMode                         0x08005231   Thumb Code   148  stm32h7xx_hal_rtc.o(.text.RTC_ExitInitMode)
    ST7735_DeInit                            0x08005399   Thumb Code     4  st7735.o(.text.ST7735_DeInit)
    ST7735_DisplayOff                        0x080053a1   Thumb Code   170  st7735.o(.text.ST7735_DisplayOff)
    ST7735_DisplayOn                         0x08005451   Thumb Code   170  st7735.o(.text.ST7735_DisplayOn)
    ST7735_DrawBitmap                        0x08005501   Thumb Code   350  st7735.o(.text.ST7735_DrawBitmap)
    ST7735_DrawHLine                         0x08005661   Thumb Code   178  st7735.o(.text.ST7735_DrawHLine)
    ST7735_DrawVLine                         0x08005719   Thumb Code   126  st7735.o(.text.ST7735_DrawVLine)
    ST7735_FillRGBRect                       0x08005799   Thumb Code   398  st7735.o(.text.ST7735_FillRGBRect)
    ST7735_FillRect                          0x08005929   Thumb Code   322  st7735.o(.text.ST7735_FillRect)
    ST7735_GetBrightness                     0x08005a71   Thumb Code     6  st7735.o(.text.ST7735_GetBrightness)
    ST7735_GetOrientation                    0x08005a79   Thumb Code    16  st7735.o(.text.ST7735_GetOrientation)
    ST7735_GetPixel                          0x08005a89   Thumb Code    98  st7735.o(.text.ST7735_GetPixel)
    ST7735_GetXSize                          0x08005af1   Thumb Code    16  st7735.o(.text.ST7735_GetXSize)
    ST7735_GetYSize                          0x08005b01   Thumb Code    16  st7735.o(.text.ST7735_GetYSize)
    ST7735_Init                              0x08005b11   Thumb Code  1266  st7735.o(.text.ST7735_Init)
    ST7735_ReadID                            0x08006009   Thumb Code    82  st7735.o(.text.ST7735_ReadID)
    ST7735_RegisterBusIO                     0x08006071   Thumb Code    90  st7735.o(.text.ST7735_RegisterBusIO)
    ST7735_SetBrightness                     0x080060d9   Thumb Code     6  st7735.o(.text.ST7735_SetBrightness)
    ST7735_SetCursor                         0x080060e1   Thumb Code   244  st7735.o(.text.ST7735_SetCursor)
    ST7735_SetOrientation                    0x08006311   Thumb Code   152  st7735.o(.text.ST7735_SetOrientation)
    ST7735_SetPixel                          0x080063a9   Thumb Code    82  st7735.o(.text.ST7735_SetPixel)
    SVC_Handler                              0x08006411   Thumb Code     2  stm32h7xx_it.o(.text.SVC_Handler)
    SysTick_Handler                          0x08006419   Thumb Code     4  stm32h7xx_it.o(.text.SysTick_Handler)
    SystemClock_Config                       0x08006421   Thumb Code   300  main.o(.text.SystemClock_Config)
    SystemInit                               0x08006551   Thumb Code   124  system_stm32h7xx.o(.text.SystemInit)
    TIM_Base_SetConfig                       0x080065d1   Thumb Code   348  stm32h7xx_hal_tim.o(.text.TIM_Base_SetConfig)
    UsageFault_Handler                       0x08006731   Thumb Code     2  stm32h7xx_it.o(.text.UsageFault_Handler)
    main                                     0x080068e1   Thumb Code   552  main.o(.text.main)
    st7735_read_reg                          0x08006b39   Thumb Code     6  st7735_reg.o(.text.st7735_read_reg)
    st7735_recv_data                         0x08006b41   Thumb Code     6  st7735_reg.o(.text.st7735_recv_data)
    st7735_send_data                         0x08006b49   Thumb Code     6  st7735_reg.o(.text.st7735_send_data)
    st7735_write_reg                         0x08006b51   Thumb Code     8  st7735_reg.o(.text.st7735_write_reg)
    _is_digit                                0x08006b59   Thumb Code    14  __printf_wp.o(i._is_digit)
    _get_lc_ctype                            0x08006b69   Thumb Code    44  lc_ctype_c.o(locale$$code)
    _fp_init                                 0x08006b95   Thumb Code    26  fpinit.o(x$fpl$fpinit)
    __fplib_config_fpu_vfp                   0x08006bad   Thumb Code     0  fpinit.o(x$fpl$fpinit)
    __fplib_config_pureend_doubles           0x08006bad   Thumb Code     0  fpinit.o(x$fpl$fpinit)
    D1CorePrescTable                         0x08006c00   Data          16  system_stm32h7xx.o(.rodata.D1CorePrescTable)
    WeActStudiologo_160_80                   0x08006c10   Data       25673  logo_160_80.o(.rodata.WeActStudiologo_160_80)
    asc2_1206                                0x0800d059   Data        1140  lcd.o(.rodata.asc2_1206)
    asc2_1608                                0x0800d4cd   Data        1520  lcd.o(.rodata.asc2_1608)
    Region$$Table$$Base                      0x0800dae0   Number         0  anon$$obj.o(Region$$Table)
    Region$$Table$$Limit                     0x0800db00   Number         0  anon$$obj.o(Region$$Table)
    __ctype                                  0x0800db0d   Data           0  lc_ctype_c.o(locale$$data)
    uwTickFreq                               0x24000000   Data           1  stm32h7xx_hal.o(.data..L_MergedGlobals)
    uwTickPrio                               0x24000004   Data           4  stm32h7xx_hal.o(.data..L_MergedGlobals)
    SystemCoreClock                          0x24000008   Data           4  system_stm32h7xx.o(.data..L_MergedGlobals)
    SystemD2Clock                            0x2400000c   Data           4  system_stm32h7xx.o(.data..L_MergedGlobals)
    POINT_COLOR                              0x24000010   Data           2  lcd.o(.data.POINT_COLOR)
    ST7735_LCD_Driver                        0x24000014   Data          76  st7735.o(.data.ST7735_LCD_Driver)
    st7735_pIO                               0x24000060   Data          32  lcd.o(.data.st7735_pIO)
    __libspace_start                         0x24000080   Data          96  libspace.o(.bss)
    BACK_COLOR                               0x240000e0   Data           2  lcd.o(.bss..L_MergedGlobals)
    __temporary_stack_top$libspace           0x240000e0   Data           0  libspace.o(.bss)
    st7735_id                                0x240000e4   Data           4  lcd.o(.bss..L_MergedGlobals)
    st7735_pObj                              0x240000e8   Data          56  lcd.o(.bss..L_MergedGlobals)
    ST7735Ctx                                0x24000120   Data          16  st7735.o(.bss.ST7735Ctx)
    hrtc                                     0x24000630   Data          36  rtc.o(.bss.hrtc)
    hspi4                                    0x24000654   Data         136  spi.o(.bss.hspi4)
    htim1                                    0x240006dc   Data          76  tim.o(.bss.htim1)
    uwTick                                   0x24000728   Data           4  stm32h7xx_hal.o(.bss.uwTick)



==============================================================================

Memory Map of the image

  Image Entry point : 0x08000299

  Load Region LR_IROM1 (Base: 0x08000000, Size: 0x0000dc90, Max: 0x00200000, ABSOLUTE)

    Execution Region ER_IROM1 (Exec base: 0x08000000, Load base: 0x08000000, Size: 0x0000dc10, Max: 0x00200000, ABSOLUTE)

    Exec Addr    Load Addr    Size         Type   Attr      Idx    E Section Name        Object

    0x08000000   0x08000000   0x00000298   Data   RO            3    RESET               startup_stm32h743xx.o
    0x08000298   0x08000298   0x00000008   Code   RO         1737  * !!!main             c_w.l(__main.o)
    0x080002a0   0x080002a0   0x0000005c   Code   RO         1930    !!!scatter          c_w.l(__scatter.o)
    0x080002fc   0x080002fc   0x0000001a   Code   RO         1934    !!handler_copy      c_w.l(__scatter_copy.o)
    0x08000316   0x08000316   0x00000002   PAD
    0x08000318   0x08000318   0x00000002   Code   RO         1931    !!handler_null      c_w.l(__scatter.o)
    0x0800031a   0x0800031a   0x00000002   PAD
    0x0800031c   0x0800031c   0x0000001c   Code   RO         1936    !!handler_zi        c_w.l(__scatter_zi.o)
    0x08000338   0x08000338   0x00000000   Code   RO         1731    .ARM.Collect$$_printf_percent$$00000000  c_w.l(_printf_percent.o)
    0x08000338   0x08000338   0x00000006   Code   RO         1728    .ARM.Collect$$_printf_percent$$00000008  c_w.l(_printf_i.o)
    0x0800033e   0x0800033e   0x00000006   Code   RO         1729    .ARM.Collect$$_printf_percent$$00000009  c_w.l(_printf_d.o)
    0x08000344   0x08000344   0x00000006   Code   RO         1730    .ARM.Collect$$_printf_percent$$0000000A  c_w.l(_printf_u.o)
    0x0800034a   0x0800034a   0x00000006   Code   RO         1727    .ARM.Collect$$_printf_percent$$0000000B  c_w.l(_printf_o.o)
    0x08000350   0x08000350   0x00000006   Code   RO         1726    .ARM.Collect$$_printf_percent$$0000000C  c_w.l(_printf_x.o)
    0x08000356   0x08000356   0x0000000a   Code   RO         1751    .ARM.Collect$$_printf_percent$$00000012  c_w.l(_printf_l.o)
    0x08000360   0x08000360   0x00000006   Code   RO         1725    .ARM.Collect$$_printf_percent$$00000013  c_w.l(_printf_c.o)
    0x08000366   0x08000366   0x00000006   Code   RO         1732    .ARM.Collect$$_printf_percent$$00000015  c_w.l(_printf_lc.o)
    0x0800036c   0x0800036c   0x00000004   Code   RO         1750    .ARM.Collect$$_printf_percent$$00000017  c_w.l(_printf_percent_end.o)
    0x08000370   0x08000370   0x00000002   Code   RO         1790    .ARM.Collect$$libinit$$00000000  c_w.l(libinit.o)
    0x08000372   0x08000372   0x00000004   Code   RO         1798    .ARM.Collect$$libinit$$00000001  c_w.l(libinit2.o)
    0x08000376   0x08000376   0x00000000   Code   RO         1801    .ARM.Collect$$libinit$$00000004  c_w.l(libinit2.o)
    0x08000376   0x08000376   0x00000000   Code   RO         1803    .ARM.Collect$$libinit$$00000006  c_w.l(libinit2.o)
    0x08000376   0x08000376   0x00000000   Code   RO         1806    .ARM.Collect$$libinit$$0000000C  c_w.l(libinit2.o)
    0x08000376   0x08000376   0x00000000   Code   RO         1808    .ARM.Collect$$libinit$$0000000E  c_w.l(libinit2.o)
    0x08000376   0x08000376   0x00000000   Code   RO         1810    .ARM.Collect$$libinit$$00000010  c_w.l(libinit2.o)
    0x08000376   0x08000376   0x00000006   Code   RO         1811    .ARM.Collect$$libinit$$00000011  c_w.l(libinit2.o)
    0x0800037c   0x0800037c   0x00000000   Code   RO         1813    .ARM.Collect$$libinit$$00000013  c_w.l(libinit2.o)
    0x0800037c   0x0800037c   0x0000000c   Code   RO         1814    .ARM.Collect$$libinit$$00000014  c_w.l(libinit2.o)
    0x08000388   0x08000388   0x00000000   Code   RO         1815    .ARM.Collect$$libinit$$00000015  c_w.l(libinit2.o)
    0x08000388   0x08000388   0x00000000   Code   RO         1817    .ARM.Collect$$libinit$$00000017  c_w.l(libinit2.o)
    0x08000388   0x08000388   0x00000000   Code   RO         1819    .ARM.Collect$$libinit$$00000019  c_w.l(libinit2.o)
    0x08000388   0x08000388   0x00000000   Code   RO         1821    .ARM.Collect$$libinit$$0000001B  c_w.l(libinit2.o)
    0x08000388   0x08000388   0x00000000   Code   RO         1823    .ARM.Collect$$libinit$$0000001D  c_w.l(libinit2.o)
    0x08000388   0x08000388   0x00000000   Code   RO         1825    .ARM.Collect$$libinit$$0000001F  c_w.l(libinit2.o)
    0x08000388   0x08000388   0x00000000   Code   RO         1827    .ARM.Collect$$libinit$$00000021  c_w.l(libinit2.o)
    0x08000388   0x08000388   0x00000000   Code   RO         1829    .ARM.Collect$$libinit$$00000023  c_w.l(libinit2.o)
    0x08000388   0x08000388   0x00000000   Code   RO         1831    .ARM.Collect$$libinit$$00000025  c_w.l(libinit2.o)
    0x08000388   0x08000388   0x00000000   Code   RO         1833    .ARM.Collect$$libinit$$00000027  c_w.l(libinit2.o)
    0x08000388   0x08000388   0x00000000   Code   RO         1837    .ARM.Collect$$libinit$$0000002E  c_w.l(libinit2.o)
    0x08000388   0x08000388   0x00000000   Code   RO         1839    .ARM.Collect$$libinit$$00000030  c_w.l(libinit2.o)
    0x08000388   0x08000388   0x00000000   Code   RO         1841    .ARM.Collect$$libinit$$00000032  c_w.l(libinit2.o)
    0x08000388   0x08000388   0x00000000   Code   RO         1843    .ARM.Collect$$libinit$$00000034  c_w.l(libinit2.o)
    0x08000388   0x08000388   0x00000002   Code   RO         1844    .ARM.Collect$$libinit$$00000035  c_w.l(libinit2.o)
    0x0800038a   0x0800038a   0x00000002   Code   RO         1866    .ARM.Collect$$libshutdown$$00000000  c_w.l(libshutdown.o)
    0x0800038c   0x0800038c   0x00000000   Code   RO         1881    .ARM.Collect$$libshutdown$$00000002  c_w.l(libshutdown2.o)
    0x0800038c   0x0800038c   0x00000000   Code   RO         1883    .ARM.Collect$$libshutdown$$00000004  c_w.l(libshutdown2.o)
    0x0800038c   0x0800038c   0x00000000   Code   RO         1886    .ARM.Collect$$libshutdown$$00000007  c_w.l(libshutdown2.o)
    0x0800038c   0x0800038c   0x00000000   Code   RO         1889    .ARM.Collect$$libshutdown$$0000000A  c_w.l(libshutdown2.o)
    0x0800038c   0x0800038c   0x00000000   Code   RO         1891    .ARM.Collect$$libshutdown$$0000000C  c_w.l(libshutdown2.o)
    0x0800038c   0x0800038c   0x00000000   Code   RO         1894    .ARM.Collect$$libshutdown$$0000000F  c_w.l(libshutdown2.o)
    0x0800038c   0x0800038c   0x00000002   Code   RO         1895    .ARM.Collect$$libshutdown$$00000010  c_w.l(libshutdown2.o)
    0x0800038e   0x0800038e   0x00000000   Code   RO         1739    .ARM.Collect$$rtentry$$00000000  c_w.l(__rtentry.o)
    0x0800038e   0x0800038e   0x00000000   Code   RO         1755    .ARM.Collect$$rtentry$$00000002  c_w.l(__rtentry2.o)
    0x0800038e   0x0800038e   0x00000006   Code   RO         1767    .ARM.Collect$$rtentry$$00000004  c_w.l(__rtentry4.o)
    0x08000394   0x08000394   0x00000000   Code   RO         1757    .ARM.Collect$$rtentry$$00000009  c_w.l(__rtentry2.o)
    0x08000394   0x08000394   0x00000004   Code   RO         1758    .ARM.Collect$$rtentry$$0000000A  c_w.l(__rtentry2.o)
    0x08000398   0x08000398   0x00000000   Code   RO         1760    .ARM.Collect$$rtentry$$0000000C  c_w.l(__rtentry2.o)
    0x08000398   0x08000398   0x00000008   Code   RO         1761    .ARM.Collect$$rtentry$$0000000D  c_w.l(__rtentry2.o)
    0x080003a0   0x080003a0   0x00000002   Code   RO         1794    .ARM.Collect$$rtexit$$00000000  c_w.l(rtexit.o)
    0x080003a2   0x080003a2   0x00000000   Code   RO         1846    .ARM.Collect$$rtexit$$00000002  c_w.l(rtexit2.o)
    0x080003a2   0x080003a2   0x00000004   Code   RO         1847    .ARM.Collect$$rtexit$$00000003  c_w.l(rtexit2.o)
    0x080003a6   0x080003a6   0x00000006   Code   RO         1848    .ARM.Collect$$rtexit$$00000004  c_w.l(rtexit2.o)
    0x080003ac   0x080003ac   0x00000040   Code   RO            4    .text               startup_stm32h743xx.o
    0x080003ec   0x080003ec   0x00000028   Code   RO         1663    .text               c_w.l(noretval__2sprintf.o)
    0x08000414   0x08000414   0x0000004e   Code   RO         1667    .text               c_w.l(_printf_pad.o)
    0x08000462   0x08000462   0x00000024   Code   RO         1669    .text               c_w.l(_printf_truncate.o)
    0x08000486   0x08000486   0x00000052   Code   RO         1671    .text               c_w.l(_printf_str.o)
    0x080004d8   0x080004d8   0x00000078   Code   RO         1673    .text               c_w.l(_printf_dec.o)
    0x08000550   0x08000550   0x000000bc   Code   RO         1675    .text               c_w.l(_printf_wctomb.o)
    0x0800060c   0x0800060c   0x00000054   Code   RO         1680    .text               c_w.l(_printf_oct_int.o)
    0x08000660   0x08000660   0x00000058   Code   RO         1687    .text               c_w.l(_printf_hex_int.o)
    0x080006b8   0x080006b8   0x00000188   Code   RO         1722    .text               c_w.l(__printf_flags_ss_wp.o)
    0x08000840   0x08000840   0x0000004e   Code   RO         1733    .text               c_w.l(rt_memclr_w.o)
    0x0800088e   0x0800088e   0x00000006   Code   RO         1735    .text               c_w.l(heapauxi.o)
    0x08000894   0x08000894   0x000000b2   Code   RO         1740    .text               c_w.l(_printf_intcommon.o)
    0x08000946   0x08000946   0x00000002   PAD
    0x08000948   0x08000948   0x00000030   Code   RO         1742    .text               c_w.l(_printf_char_common.o)
    0x08000978   0x08000978   0x0000000a   Code   RO         1744    .text               c_w.l(_sputc.o)
    0x08000982   0x08000982   0x0000002c   Code   RO         1746    .text               c_w.l(_printf_char.o)
    0x080009ae   0x080009ae   0x0000002c   Code   RO         1748    .text               c_w.l(_printf_wchar.o)
    0x080009da   0x080009da   0x00000048   Code   RO         1752    .text               c_w.l(_c16rtomb.o)
    0x08000a22   0x08000a22   0x00000002   PAD
    0x08000a24   0x08000a24   0x00000010   Code   RO         1769    .text               c_w.l(rt_ctype_table.o)
    0x08000a34   0x08000a34   0x0000004a   Code   RO         1773    .text               c_w.l(sys_stackheap_outer.o)
    0x08000a7e   0x08000a7e   0x00000002   PAD
    0x08000a80   0x08000a80   0x00000008   Code   RO         1778    .text               c_w.l(rt_locale_intlibspace.o)
    0x08000a88   0x08000a88   0x00000012   Code   RO         1783    .text               c_w.l(exit.o)
    0x08000a9a   0x08000a9a   0x00000002   PAD
    0x08000a9c   0x08000a9c   0x00000008   Code   RO         1791    .text               c_w.l(libspace.o)
    0x08000aa4   0x08000aa4   0x00000004   PAD
    0x08000aa8   0x08000aa8   0x0000007c   Code   RO         1796    .text               c_w.l(strcmpv7m_pel.o)
    0x08000b24   0x08000b24   0x0000000c   Code   RO         1856    .text               c_w.l(sys_exit.o)
    0x08000b30   0x08000b30   0x00000002   Code   RO         1871    .text               c_w.l(use_no_semi.o)
    0x08000b32   0x08000b32   0x00000000   Code   RO         1873    .text               c_w.l(indicate_semi.o)
    0x08000b32   0x08000b32   0x00000006   PAD
    0x08000b38   0x08000b38   0x00000002   Code   RO          224    .text.BusFault_Handler  stm32h7xx_it.o
    0x08000b3a   0x08000b3a   0x00000006   PAD
    0x08000b40   0x08000b40   0x00000002   Code   RO          230    .text.DebugMon_Handler  stm32h7xx_it.o
    0x08000b42   0x08000b42   0x00000006   PAD
    0x08000b48   0x08000b48   0x00000032   Code   RO          150    .text.Error_Handler  main.o
    0x08000b7a   0x08000b7a   0x00000006   PAD
    0x08000b80   0x08000b80   0x00000028   Code   RO          776    .text.HAL_Delay     stm32h7xx_hal.o
    0x08000ba8   0x08000ba8   0x000001c2   Code   RO          464    .text.HAL_GPIO_Init  stm32h7xx_hal_gpio.o
    0x08000d6a   0x08000d6a   0x00000006   PAD
    0x08000d70   0x08000d70   0x0000000a   Code   RO          468    .text.HAL_GPIO_ReadPin  stm32h7xx_hal_gpio.o
    0x08000d7a   0x08000d7a   0x00000006   PAD
    0x08000d80   0x08000d80   0x0000000a   Code   RO          470    .text.HAL_GPIO_WritePin  stm32h7xx_hal_gpio.o
    0x08000d8a   0x08000d8a   0x00000006   PAD
    0x08000d90   0x08000d90   0x00000010   Code   RO          786    .text.HAL_GetDEVID  stm32h7xx_hal.o
    0x08000da0   0x08000da0   0x0000000e   Code   RO          784    .text.HAL_GetREVID  stm32h7xx_hal.o
    0x08000dae   0x08000dae   0x00000002   PAD
    0x08000db0   0x08000db0   0x0000000c   Code   RO          768    .text.HAL_GetTick   stm32h7xx_hal.o
    0x08000dbc   0x08000dbc   0x00000004   PAD
    0x08000dc0   0x08000dc0   0x0000001a   Code   RO          766    .text.HAL_IncTick   stm32h7xx_hal.o
    0x08000dda   0x08000dda   0x00000006   PAD
    0x08000de0   0x08000de0   0x00000064   Code   RO          756    .text.HAL_Init      stm32h7xx_hal.o
    0x08000e44   0x08000e44   0x00000004   PAD
    0x08000e48   0x08000e48   0x0000004c   Code   RO          758    .text.HAL_InitTick  stm32h7xx_hal.o
    0x08000e94   0x08000e94   0x00000004   PAD
    0x08000e98   0x08000e98   0x00000060   Code   RO          269    .text.HAL_MPU_ConfigRegion  stm32h7xx_hal_cortex.o
    0x08000ef8   0x08000ef8   0x0000001a   Code   RO          265    .text.HAL_MPU_Disable  stm32h7xx_hal_cortex.o
    0x08000f12   0x08000f12   0x00000006   PAD
    0x08000f18   0x08000f18   0x00000020   Code   RO          267    .text.HAL_MPU_Enable  stm32h7xx_hal_cortex.o
    0x08000f38   0x08000f38   0x00000020   Code   RO          243    .text.HAL_MspInit   stm32h7xx_hal_msp.o
    0x08000f58   0x08000f58   0x0000005a   Code   RO          253    .text.HAL_NVIC_SetPriority  stm32h7xx_hal_cortex.o
    0x08000fb2   0x08000fb2   0x00000006   PAD
    0x08000fb8   0x08000fb8   0x00000020   Code   RO          251    .text.HAL_NVIC_SetPriorityGrouping  stm32h7xx_hal_cortex.o
    0x08000fd8   0x08000fd8   0x0000004c   Code   RO          668    .text.HAL_PWREx_ConfigSupply  stm32h7xx_hal_pwr_ex.o
    0x08001024   0x08001024   0x00000004   PAD
    0x08001028   0x08001028   0x00000012   Code   RO          628    .text.HAL_PWR_EnableBkUpAccess  stm32h7xx_hal_pwr.o
    0x0800103a   0x0800103a   0x00000006   PAD
    0x08001040   0x08001040   0x00000c64   Code   RO          335    .text.HAL_RCCEx_PeriphCLKConfig  stm32h7xx_hal_rcc_ex.o
    0x08001ca4   0x08001ca4   0x00000004   PAD
    0x08001ca8   0x08001ca8   0x00000268   Code   RO          303    .text.HAL_RCC_ClockConfig  stm32h7xx_hal_rcc.o
    0x08001f10   0x08001f10   0x00000118   Code   RO          305    .text.HAL_RCC_GetSysClockFreq  stm32h7xx_hal_rcc.o
    0x08002028   0x08002028   0x000004fc   Code   RO          301    .text.HAL_RCC_OscConfig  stm32h7xx_hal_rcc.o
    0x08002524   0x08002524   0x00000004   PAD
    0x08002528   0x08002528   0x0000000a   Code   RO         1176    .text.HAL_RTCEx_BKUPRead  stm32h7xx_hal_rtc_ex.o
    0x08002532   0x08002532   0x00000006   PAD
    0x08002538   0x08002538   0x0000000a   Code   RO         1174    .text.HAL_RTCEx_BKUPWrite  stm32h7xx_hal_rtc_ex.o
    0x08002542   0x08002542   0x00000006   PAD
    0x08002548   0x08002548   0x00000068   Code   RO         1082    .text.HAL_RTC_GetDate  stm32h7xx_hal_rtc.o
    0x080025b0   0x080025b0   0x00000074   Code   RO         1076    .text.HAL_RTC_GetTime  stm32h7xx_hal_rtc.o
    0x08002624   0x08002624   0x00000004   PAD
    0x08002628   0x08002628   0x000000e2   Code   RO         1060    .text.HAL_RTC_Init  stm32h7xx_hal_rtc.o
    0x0800270a   0x0800270a   0x00000006   PAD
    0x08002710   0x08002710   0x00000050   Code   RO          173    .text.HAL_RTC_MspInit  rtc.o
    0x08002760   0x08002760   0x0000015c   Code   RO         1080    .text.HAL_RTC_SetDate  stm32h7xx_hal_rtc.o
    0x080028bc   0x080028bc   0x00000004   PAD
    0x080028c0   0x080028c0   0x000001a6   Code   RO         1072    .text.HAL_RTC_SetTime  stm32h7xx_hal_rtc.o
    0x08002a66   0x08002a66   0x00000002   PAD
    0x08002a68   0x08002a68   0x00000170   Code   RO         1206    .text.HAL_SPI_Init  stm32h7xx_hal_spi.o
    0x08002bd8   0x08002bd8   0x00000088   Code   RO          188    .text.HAL_SPI_MspInit  spi.o
    0x08002c60   0x08002c60   0x00000304   Code   RO         1218    .text.HAL_SPI_Receive  stm32h7xx_hal_spi.o
    0x08002f64   0x08002f64   0x00000004   PAD
    0x08002f68   0x08002f68   0x00000298   Code   RO         1214    .text.HAL_SPI_Transmit  stm32h7xx_hal_spi.o
    0x08003200   0x08003200   0x000003de   Code   RO         1220    .text.HAL_SPI_TransmitReceive  stm32h7xx_hal_spi.o
    0x080035de   0x080035de   0x00000002   PAD
    0x080035e0   0x080035e0   0x0000002e   Code   RO          263    .text.HAL_SYSTICK_Config  stm32h7xx_hal_cortex.o
    0x0800360e   0x0800360e   0x00000002   PAD
    0x08003610   0x08003610   0x000000a0   Code   RO         1616    .text.HAL_TIMEx_ConfigBreakDeadTime  stm32h7xx_hal_tim_ex.o
    0x080036b0   0x080036b0   0x000000bc   Code   RO         1614    .text.HAL_TIMEx_MasterConfigSynchronization  stm32h7xx_hal_tim_ex.o
    0x0800376c   0x0800376c   0x00000004   PAD
    0x08003770   0x08003770   0x00000110   Code   RO         1584    .text.HAL_TIMEx_PWMN_Start  stm32h7xx_hal_tim_ex.o
    0x08003880   0x08003880   0x0000048e   Code   RO         1474    .text.HAL_TIM_PWM_ConfigChannel  stm32h7xx_hal_tim.o
    0x08003d0e   0x08003d0e   0x00000002   PAD
    0x08003d10   0x08003d10   0x00000060   Code   RO         1374    .text.HAL_TIM_PWM_Init  stm32h7xx_hal_tim.o
    0x08003d70   0x08003d70   0x0000002e   Code   RO          205    .text.HAL_TIM_PWM_MspInit  tim.o
    0x08003d9e   0x08003d9e   0x00000002   PAD
    0x08003da0   0x08003da0   0x00000002   Code   RO          220    .text.HardFault_Handler  stm32h7xx_it.o
    0x08003da2   0x08003da2   0x00000006   PAD
    0x08003da8   0x08003da8   0x00000a10   Code   RO           33    .text.LCD_ShowChar  lcd.o
    0x080047b8   0x080047b8   0x00000070   Code   RO           27    .text.LCD_ShowString  lcd.o
    0x08004828   0x08004828   0x00000440   Code   RO           23    .text.LCD_Test      lcd.o
    0x08004c68   0x08004c68   0x000000c0   Code   RO          161    .text.MX_GPIO_Init  gpio.o
    0x08004d28   0x08004d28   0x00000126   Code   RO          171    .text.MX_RTC_Init   rtc.o
    0x08004e4e   0x08004e4e   0x00000002   PAD
    0x08004e50   0x08004e50   0x00000062   Code   RO          186    .text.MX_SPI4_Init  spi.o
    0x08004eb2   0x08004eb2   0x00000006   PAD
    0x08004eb8   0x08004eb8   0x0000010c   Code   RO          201    .text.MX_TIM1_Init  tim.o
    0x08004fc4   0x08004fc4   0x00000004   PAD
    0x08004fc8   0x08004fc8   0x00000002   Code   RO          222    .text.MemManage_Handler  stm32h7xx_it.o
    0x08004fca   0x08004fca   0x00000006   PAD
    0x08004fd0   0x08004fd0   0x00000002   Code   RO          218    .text.NMI_Handler   stm32h7xx_it.o
    0x08004fd2   0x08004fd2   0x00000006   PAD
    0x08004fd8   0x08004fd8   0x00000002   Code   RO          232    .text.PendSV_Handler  stm32h7xx_it.o
    0x08004fda   0x08004fda   0x00000006   PAD
    0x08004fe0   0x08004fe0   0x00000122   Code   RO          337    .text.RCCEx_PLL2_Config  stm32h7xx_hal_rcc_ex.o
    0x08005102   0x08005102   0x00000006   PAD
    0x08005108   0x08005108   0x00000122   Code   RO          339    .text.RCCEx_PLL3_Config  stm32h7xx_hal_rcc_ex.o
    0x0800522a   0x0800522a   0x00000006   PAD
    0x08005230   0x08005230   0x00000094   Code   RO         1066    .text.RTC_ExitInitMode  stm32h7xx_hal_rtc.o
    0x080052c4   0x080052c4   0x00000004   PAD
    0x080052c8   0x080052c8   0x000000d0   Code   RO         1216    .text.SPI_CloseTransfer  stm32h7xx_hal_spi.o
    0x08005398   0x08005398   0x00000004   Code   RO           54    .text.ST7735_DeInit  st7735.o
    0x0800539c   0x0800539c   0x00000004   PAD
    0x080053a0   0x080053a0   0x000000aa   Code   RO           60    .text.ST7735_DisplayOff  st7735.o
    0x0800544a   0x0800544a   0x00000006   PAD
    0x08005450   0x08005450   0x000000aa   Code   RO           58    .text.ST7735_DisplayOn  st7735.o
    0x080054fa   0x080054fa   0x00000006   PAD
    0x08005500   0x08005500   0x0000015e   Code   RO           72    .text.ST7735_DrawBitmap  st7735.o
    0x0800565e   0x0800565e   0x00000002   PAD
    0x08005660   0x08005660   0x000000b2   Code   RO           76    .text.ST7735_DrawHLine  st7735.o
    0x08005712   0x08005712   0x00000006   PAD
    0x08005718   0x08005718   0x0000007e   Code   RO           78    .text.ST7735_DrawVLine  st7735.o
    0x08005796   0x08005796   0x00000002   PAD
    0x08005798   0x08005798   0x0000018e   Code   RO           74    .text.ST7735_FillRGBRect  st7735.o
    0x08005926   0x08005926   0x00000002   PAD
    0x08005928   0x08005928   0x00000142   Code   RO           80    .text.ST7735_FillRect  st7735.o
    0x08005a6a   0x08005a6a   0x00000006   PAD
    0x08005a70   0x08005a70   0x00000006   Code   RO           64    .text.ST7735_GetBrightness  st7735.o
    0x08005a76   0x08005a76   0x00000002   PAD
    0x08005a78   0x08005a78   0x00000010   Code   RO           68    .text.ST7735_GetOrientation  st7735.o
    0x08005a88   0x08005a88   0x00000062   Code   RO           82    .text.ST7735_GetPixel  st7735.o
    0x08005aea   0x08005aea   0x00000006   PAD
    0x08005af0   0x08005af0   0x00000010   Code   RO           86    .text.ST7735_GetXSize  st7735.o
    0x08005b00   0x08005b00   0x00000010   Code   RO           88    .text.ST7735_GetYSize  st7735.o
    0x08005b10   0x08005b10   0x000004f2   Code   RO           52    .text.ST7735_Init   st7735.o
    0x08006002   0x08006002   0x00000006   PAD
    0x08006008   0x08006008   0x00000052   Code   RO           56    .text.ST7735_ReadID  st7735.o
    0x0800605a   0x0800605a   0x00000006   PAD
    0x08006060   0x08006060   0x00000008   Code   RO           92    .text.ST7735_ReadRegWrap  st7735.o
    0x08006068   0x08006068   0x00000008   Code   RO           98    .text.ST7735_RecvDataWrap  st7735.o
    0x08006070   0x08006070   0x0000005a   Code   RO           90    .text.ST7735_RegisterBusIO  st7735.o
    0x080060ca   0x080060ca   0x00000006   PAD
    0x080060d0   0x080060d0   0x00000008   Code   RO           96    .text.ST7735_SendDataWrap  st7735.o
    0x080060d8   0x080060d8   0x00000006   Code   RO           62    .text.ST7735_SetBrightness  st7735.o
    0x080060de   0x080060de   0x00000002   PAD
    0x080060e0   0x080060e0   0x000000f4   Code   RO           70    .text.ST7735_SetCursor  st7735.o
    0x080061d4   0x080061d4   0x00000004   PAD
    0x080061d8   0x080061d8   0x00000138   Code   RO          100    .text.ST7735_SetDisplayWindow  st7735.o
    0x08006310   0x08006310   0x00000098   Code   RO           66    .text.ST7735_SetOrientation  st7735.o
    0x080063a8   0x080063a8   0x00000052   Code   RO           84    .text.ST7735_SetPixel  st7735.o
    0x080063fa   0x080063fa   0x00000006   PAD
    0x08006400   0x08006400   0x0000000c   Code   RO           94    .text.ST7735_WriteRegWrap  st7735.o
    0x0800640c   0x0800640c   0x00000004   PAD
    0x08006410   0x08006410   0x00000002   Code   RO          228    .text.SVC_Handler   stm32h7xx_it.o
    0x08006412   0x08006412   0x00000006   PAD
    0x08006418   0x08006418   0x00000004   Code   RO          234    .text.SysTick_Handler  stm32h7xx_it.o
    0x0800641c   0x0800641c   0x00000004   PAD
    0x08006420   0x08006420   0x0000012c   Code   RO          148    .text.SystemClock_Config  main.o
    0x0800654c   0x0800654c   0x00000004   PAD
    0x08006550   0x08006550   0x0000007c   Code   RO         1646    .text.SystemInit    system_stm32h7xx.o
    0x080065cc   0x080065cc   0x00000004   PAD
    0x080065d0   0x080065d0   0x0000015c   Code   RO         1324    .text.TIM_Base_SetConfig  stm32h7xx_hal_tim.o
    0x0800672c   0x0800672c   0x00000004   PAD
    0x08006730   0x08006730   0x00000002   Code   RO          226    .text.UsageFault_Handler  stm32h7xx_it.o
    0x08006732   0x08006732   0x00000006   PAD
    0x08006738   0x08006738   0x00000004   Code   RO           21    .text.lcd_gettick   lcd.o
    0x0800673c   0x0800673c   0x00000004   PAD
    0x08006740   0x08006740   0x00000014   Code   RO           11    .text.lcd_init      lcd.o
    0x08006754   0x08006754   0x00000004   PAD
    0x08006758   0x08006758   0x00000078   Code   RO           15    .text.lcd_readreg   lcd.o
    0x080067d0   0x080067d0   0x00000048   Code   RO           19    .text.lcd_recvdata  lcd.o
    0x08006818   0x08006818   0x00000046   Code   RO           17    .text.lcd_senddata  lcd.o
    0x0800685e   0x0800685e   0x00000002   PAD
    0x08006860   0x08006860   0x00000080   Code   RO           13    .text.lcd_writereg  lcd.o
    0x080068e0   0x080068e0   0x00000254   Code   RO          146    .text.main          main.o
    0x08006b34   0x08006b34   0x00000004   PAD
    0x08006b38   0x08006b38   0x00000006   Code   RO          116    .text.st7735_read_reg  st7735_reg.o
    0x08006b3e   0x08006b3e   0x00000002   PAD
    0x08006b40   0x08006b40   0x00000006   Code   RO          122    .text.st7735_recv_data  st7735_reg.o
    0x08006b46   0x08006b46   0x00000002   PAD
    0x08006b48   0x08006b48   0x00000006   Code   RO          120    .text.st7735_send_data  st7735_reg.o
    0x08006b4e   0x08006b4e   0x00000002   PAD
    0x08006b50   0x08006b50   0x00000008   Code   RO          118    .text.st7735_write_reg  st7735_reg.o
    0x08006b58   0x08006b58   0x0000000e   Code   RO         1715    i._is_digit         c_w.l(__printf_wp.o)
    0x08006b66   0x08006b66   0x00000002   PAD
    0x08006b68   0x08006b68   0x0000002c   Code   RO         1781    locale$$code        c_w.l(lc_ctype_c.o)
    0x08006b94   0x08006b94   0x0000001a   Code   RO         1854    x$fpl$fpinit        fz_wv.l(fpinit.o)
    0x08006bae   0x08006bae   0x00000002   PAD
    0x08006bb0   0x08006bb0   0x00000008   Data   RO         1676    .constdata          c_w.l(_printf_wctomb.o)
    0x08006bb8   0x08006bb8   0x00000028   Data   RO         1688    .constdata          c_w.l(_printf_hex_int.o)
    0x08006be0   0x08006be0   0x00000011   Data   RO         1723    .constdata          c_w.l(__printf_flags_ss_wp.o)
    0x08006bf1   0x08006bf1   0x00000003   PAD
    0x08006bf4   0x08006bf4   0x0000000c   Data   RO          107    .rodata..Lswitch.table.ST7735_SetOrientation.1  st7735.o
    0x08006c00   0x08006c00   0x00000010   Data   RO         1650    .rodata.D1CorePrescTable  system_stm32h7xx.o
    0x08006c10   0x08006c10   0x00006449   Data   RO          132    .rodata.WeActStudiologo_160_80  logo_160_80.o
    0x0800d059   0x0800d059   0x00000474   Data   RO           38    .rodata.asc2_1206   lcd.o
    0x0800d4cd   0x0800d4cd   0x000005f0   Data   RO           39    .rodata.asc2_1608   lcd.o
    0x0800dabd   0x0800dabd   0x00000003   PAD
    0x0800dac0   0x0800dac0   0x00000020   Data   RO          104    .rodata.cst32       st7735.o
    0x0800dae0   0x0800dae0   0x00000020   Data   RO         1929    Region$$Table       anon$$obj.o
    0x0800db00   0x0800db00   0x00000110   Data   RO         1780    locale$$data        c_w.l(lc_ctype_c.o)


    Execution Region RW_IRAM1 (Exec base: 0x20000000, Load base: 0x0800dc10, Size: 0x00000000, Max: 0x00020000, ABSOLUTE)

    **** No section assigned to this execution region ****


    Execution Region RW_IRAM2 (Exec base: 0x24000000, Load base: 0x0800dc10, Size: 0x00000d30, Max: 0x00080000, ABSOLUTE)

    Exec Addr    Load Addr    Size         Type   Attr      Idx    E Section Name        Object

    0x24000000   0x0800dc10   0x00000008   Data   RW          853    .data..L_MergedGlobals  stm32h7xx_hal.o
    0x24000008   0x0800dc18   0x00000008   Data   RW         1651    .data..L_MergedGlobals  system_stm32h7xx.o
    0x24000010   0x0800dc20   0x00000002   Data   RW           42    .data.POINT_COLOR   lcd.o
    0x24000012   0x0800dc22   0x00000002   PAD
    0x24000014   0x0800dc24   0x0000004c   Data   RW          102    .data.ST7735_LCD_Driver  st7735.o
    0x24000060   0x0800dc70   0x00000020   Data   RW           40    .data.st7735_pIO    lcd.o
    0x24000080        -       0x00000060   Zero   RW         1792    .bss                c_w.l(libspace.o)
    0x240000e0        -       0x00000040   Zero   RW           43    .bss..L_MergedGlobals  lcd.o
    0x24000120        -       0x00000010   Zero   RW          103    .bss.ST7735Ctx      st7735.o
    0x24000130        -       0x00000280   Zero   RW          106    .bss.ST7735_DrawHLine.pdata  st7735.o
    0x240003b0        -       0x00000280   Zero   RW          105    .bss.ST7735_FillRGBRect.pdata  st7735.o
    0x24000630        -       0x00000024   Zero   RW          177    .bss.hrtc           rtc.o
    0x24000654        -       0x00000088   Zero   RW          192    .bss.hspi4          spi.o
    0x240006dc        -       0x0000004c   Zero   RW          209    .bss.htim1          tim.o
    0x24000728        -       0x00000004   Zero   RW          852    .bss.uwTick         stm32h7xx_hal.o
    0x2400072c   0x0800dc90   0x00000004   PAD
    0x24000730        -       0x00000200   Zero   RW            2    HEAP                startup_stm32h743xx.o
    0x24000930        -       0x00000400   Zero   RW            1    STACK               startup_stm32h743xx.o

